Component: ARM Compiler 5.06 update 6 (build 750) Tool: armlink [4d35ed]

==============================================================================

Section Cross References

    startup_stm32g030xx.o(RESET) refers to startup_stm32g030xx.o(STACK) for __initial_sp
    startup_stm32g030xx.o(RESET) refers to startup_stm32g030xx.o(.text) for Reset_Handler
    startup_stm32g030xx.o(RESET) refers to stm32g0xx_it.o(i.NMI_Handler) for NMI_Handler
    startup_stm32g030xx.o(RESET) refers to stm32g0xx_it.o(i.HardFault_Handler) for HardFault_Handler
    startup_stm32g030xx.o(RESET) refers to stm32g0xx_it.o(i.SVC_Handler) for SVC_Handler
    startup_stm32g030xx.o(RESET) refers to stm32g0xx_it.o(i.PendSV_Handler) for PendSV_Handler
    startup_stm32g030xx.o(RESET) refers to stm32g0xx_it.o(i.SysTick_Handler) for SysTick_Handler
    startup_stm32g030xx.o(RESET) refers to stm32g0xx_it.o(i.RTC_TAMP_IRQHandler) for RTC_TAMP_IRQHandler
    startup_stm32g030xx.o(RESET) refers to stm32g0xx_it.o(i.EXTI0_1_IRQHandler) for EXTI0_1_IRQHandler
    startup_stm32g030xx.o(RESET) refers to stm32g0xx_it.o(i.EXTI2_3_IRQHandler) for EXTI2_3_IRQHandler
    startup_stm32g030xx.o(RESET) refers to stm32g0xx_it.o(i.EXTI4_15_IRQHandler) for EXTI4_15_IRQHandler
    startup_stm32g030xx.o(RESET) refers to stm32g0xx_it.o(i.TIM14_IRQHandler) for TIM14_IRQHandler
    startup_stm32g030xx.o(RESET) refers to stm32g0xx_it.o(i.TIM16_IRQHandler) for TIM16_IRQHandler
    startup_stm32g030xx.o(RESET) refers to stm32g0xx_it.o(i.USART1_IRQHandler) for USART1_IRQHandler
    startup_stm32g030xx.o(RESET) refers to stm32g0xx_it.o(i.USART2_IRQHandler) for USART2_IRQHandler
    startup_stm32g030xx.o(.text) refers to system_stm32g0xx.o(i.SystemInit) for SystemInit
    startup_stm32g030xx.o(.text) refers to entry.o(.ARM.Collect$$$$00000000) for __main
    main.o(i.Process_500ms_CYC2) refers to bsp_sh36730x.o(i.SH_BALANCESET) for SH_BALANCESET
    main.o(i.SystemClock_Config) refers to stm32g0xx_ll_utils.o(i.LL_Init1msTick) for LL_Init1msTick
    main.o(i.SystemClock_Config) refers to stm32g0xx_ll_utils.o(i.LL_SetSystemCoreClock) for LL_SetSystemCoreClock
    main.o(i.bsp_init) refers to gpio.o(i.MX_GPIO_Init) for MX_GPIO_Init
    main.o(i.bsp_init) refers to usart.o(i.MX_USART1_UART_Init) for MX_USART1_UART_Init
    main.o(i.bsp_init) refers to usart.o(i.MX_USART2_UART_Init) for MX_USART2_UART_Init
    main.o(i.bsp_init) refers to adc.o(i.MX_ADC1_Init) for MX_ADC1_Init
    main.o(i.bsp_init) refers to tim.o(i.MX_TIM16_Init) for MX_TIM16_Init
    main.o(i.bsp_init) refers to rtc.o(i.MX_RTC_Init) for MX_RTC_Init
    main.o(i.bsp_init) refers to bsp_sh36730x.o(i.SH30x_init) for SH30x_init
    main.o(i.main) refers to main.o(i.SystemClock_Config) for SystemClock_Config
    main.o(i.main) refers to main.o(i.bsp_init) for bsp_init
    main.o(i.main) refers to app_flash.o(i.FlashInit) for FlashInit
    main.o(i.main) refers to app_config.o(i.SysParaInit) for SysParaInit
    main.o(i.main) refers to app_soc.o(i.CycleCount_Init) for CycleCount_Init
    main.o(i.main) refers to printf1.o(i.__0printf$1) for __2printf
    main.o(i.main) refers to pcmonitor_protocol.o(i.RS485_Process) for RS485_Process
    main.o(i.main) refers to bsp_sifbus.o(i.SIFProcess) for SIFProcess
    main.o(i.main) refers to app_bms.o(i.Process_100ms_CYC) for Process_100ms_CYC
    main.o(i.main) refers to uidiv.o(.text) for __aeabi_uidivmod
    main.o(i.main) refers to gpio.o(i.GPIO_WritePin) for GPIO_WritePin
    main.o(i.main) refers to app_bms.o(i.Process_500ms_CYC1) for Process_500ms_CYC1
    main.o(i.main) refers to bsp_sh36730x.o(i.SH_BALANCESET) for SH_BALANCESET
    main.o(i.main) refers to app_flash.o(i.Flash_WritePara) for Flash_WritePara
    main.o(i.main) refers to pcmonitor_protocol.o(.data) for RS485Buf
    main.o(i.main) refers to main.o(.data) for .data
    main.o(i.main) refers to app_bms.o(.data) for sysflag
    gpio.o(i.GPIO_CloseWEAK_EXTI) refers to gpio.o(i.__NVIC_DisableIRQ) for __NVIC_DisableIRQ
    gpio.o(i.GPIO_CloseWEAK_EXTI) refers to gpio.o(i.LL_EXTI_DisableIT_0_31) for LL_EXTI_DisableIT_0_31
    gpio.o(i.GPIO_CloseWEAK_EXTI) refers to gpio.o(i.LL_EXTI_DisableEvent_0_31) for LL_EXTI_DisableEvent_0_31
    gpio.o(i.GPIO_OpenWEAK_EXTI) refers to gpio.o(i.LL_EXTI_EnableIT_0_31) for LL_EXTI_EnableIT_0_31
    gpio.o(i.GPIO_OpenWEAK_EXTI) refers to gpio.o(i.LL_EXTI_DisableEvent_0_31) for LL_EXTI_DisableEvent_0_31
    gpio.o(i.GPIO_OpenWEAK_EXTI) refers to gpio.o(i.__NVIC_EnableIRQ) for __NVIC_EnableIRQ
    gpio.o(i.MX_EXTI_Init) refers to memseta.o(.text) for __aeabi_memclr4
    gpio.o(i.MX_EXTI_Init) refers to gpio.o(i.LL_EXTI_SetEXTISource) for LL_EXTI_SetEXTISource
    gpio.o(i.MX_EXTI_Init) refers to gpio.o(i.GPIO_WritePin) for GPIO_WritePin
    gpio.o(i.MX_EXTI_Init) refers to stm32g0xx_ll_gpio.o(i.LL_GPIO_Init) for LL_GPIO_Init
    gpio.o(i.MX_EXTI_Init) refers to stm32g0xx_ll_exti.o(i.LL_EXTI_Init) for LL_EXTI_Init
[...]
    i.LL_EXTI_IsActiveFallingFlag_0_31       0x080039e4   Section        0  stm32g0xx_it.o(i.LL_EXTI_IsActiveFallingFlag_0_31)
    LL_EXTI_IsActiveFallingFlag_0_31         0x080039e5   Thumb Code    16  stm32g0xx_it.o(i.LL_EXTI_IsActiveFallingFlag_0_31)
    i.LL_EXTI_IsActiveRisingFlag_0_31        0x080039f8   Section        0  stm32g0xx_it.o(i.LL_EXTI_IsActiveRisingFlag_0_31)
    LL_EXTI_IsActiveRisingFlag_0_31          0x080039f9   Thumb Code    16  stm32g0xx_it.o(i.LL_EXTI_IsActiveRisingFlag_0_31)
    i.LL_EXTI_SetEXTISource                  0x08003a0c   Section        0  gpio.o(i.LL_EXTI_SetEXTISource)
    LL_EXTI_SetEXTISource                    0x08003a0d   Thumb Code    28  gpio.o(i.LL_EXTI_SetEXTISource)
    i.LL_GPIO_DeInit                         0x08003a2c   Section        0  stm32g0xx_ll_gpio.o(i.LL_GPIO_DeInit)
    i.LL_GPIO_Init                           0x08003a9c   Section        0  stm32g0xx_ll_gpio.o(i.LL_GPIO_Init)
    i.LL_GPIO_SetPinMode                     0x08003b44   Section        0  gpio.o(i.LL_GPIO_SetPinMode)
    LL_GPIO_SetPinMode                       0x08003b45   Thumb Code    20  gpio.o(i.LL_GPIO_SetPinMode)
    i.LL_GPIO_SetPinPull                     0x08003b58   Section        0  gpio.o(i.LL_GPIO_SetPinPull)
    LL_GPIO_SetPinPull                       0x08003b59   Thumb Code    20  gpio.o(i.LL_GPIO_SetPinPull)
    i.LL_IOP_GRP1_EnableClock                0x08003b6c   Section        0  gpio.o(i.LL_IOP_GRP1_EnableClock)
    LL_IOP_GRP1_EnableClock                  0x08003b6d   Thumb Code    18  gpio.o(i.LL_IOP_GRP1_EnableClock)
    i.LL_IOP_GRP1_EnableClock                0x08003b84   Section        0  usart.o(i.LL_IOP_GRP1_EnableClock)
    LL_IOP_GRP1_EnableClock                  0x08003b85   Thumb Code    18  usart.o(i.LL_IOP_GRP1_EnableClock)
    i.LL_IOP_GRP1_EnableClock                0x08003b9c   Section        0  bsp_simiic.o(i.LL_IOP_GRP1_EnableClock)
    LL_IOP_GRP1_EnableClock                  0x08003b9d   Thumb Code    18  bsp_simiic.o(i.LL_IOP_GRP1_EnableClock)
    i.LL_IOP_GRP1_ForceReset                 0x08003bb4   Section        0  stm32g0xx_ll_gpio.o(i.LL_IOP_GRP1_ForceReset)
    LL_IOP_GRP1_ForceReset                   0x08003bb5   Thumb Code    10  stm32g0xx_ll_gpio.o(i.LL_IOP_GRP1_ForceReset)
    i.LL_IOP_GRP1_ReleaseReset               0x08003bc4   Section        0  stm32g0xx_ll_gpio.o(i.LL_IOP_GRP1_ReleaseReset)
    LL_IOP_GRP1_ReleaseReset                 0x08003bc5   Thumb Code    10  stm32g0xx_ll_gpio.o(i.LL_IOP_GRP1_ReleaseReset)
    i.LL_Init1msTick                         0x08003bd4   Section        0  stm32g0xx_ll_utils.o(i.LL_Init1msTick)
    i.LL_RCC_GetSystemClocksFreq             0x08003bf4   Section        0  stm32g0xx_ll_rcc.o(i.LL_RCC_GetSystemClocksFreq)
    i.LL_RCC_GetUSARTClockFreq               0x08003c0c   Section        0  stm32g0xx_ll_rcc.o(i.LL_RCC_GetUSARTClockFreq)
    i.LL_RTC_DATE_Config                     0x08003c6c   Section        0  stm32g0xx_ll_rtc.o(i.LL_RTC_DATE_Config)
    LL_RTC_DATE_Config                       0x08003c6d   Thumb Code    34  stm32g0xx_ll_rtc.o(i.LL_RTC_DATE_Config)
    i.LL_RTC_DATE_Init                       0x08003c94   Section        0  stm32g0xx_ll_rtc.o(i.LL_RTC_DATE_Init)
    i.LL_RTC_DATE_StructInit                 0x08003d30   Section        0  stm32g0xx_ll_rtc.o(i.LL_RTC_DATE_StructInit)
    i.LL_RTC_EnterInitMode                   0x08003d40   Section        0  stm32g0xx_ll_rtc.o(i.LL_RTC_EnterInitMode)
    i.LL_RTC_Init                            0x08003d8c   Section        0  stm32g0xx_ll_rtc.o(i.LL_RTC_Init)
    i.LL_RTC_TIME_Config                     0x08003de0   Section        0  stm32g0xx_ll_rtc.o(i.LL_RTC_TIME_Config)
    LL_RTC_TIME_Config                       0x08003de1   Thumb Code    32  stm32g0xx_ll_rtc.o(i.LL_RTC_TIME_Config)
    i.LL_RTC_TIME_Init                       0x08003e04   Section        0  stm32g0xx_ll_rtc.o(i.LL_RTC_TIME_Init)
    i.LL_RTC_TIME_StructInit                 0x08003e98   Section        0  stm32g0xx_ll_rtc.o(i.LL_RTC_TIME_StructInit)
    i.LL_RTC_WaitForSynchro                  0x08003ea4   Section        0  stm32g0xx_ll_rtc.o(i.LL_RTC_WaitForSynchro)
    i.LL_SetSystemCoreClock                  0x08003f18   Section        0  stm32g0xx_ll_utils.o(i.LL_SetSystemCoreClock)
    i.LL_TIM_DeInit                          0x08003f24   Section        0  stm32g0xx_ll_tim.o(i.LL_TIM_DeInit)
    i.LL_TIM_Init                            0x08003f98   Section        0  stm32g0xx_ll_tim.o(i.LL_TIM_Init)
    i.LL_USART_ConfigAsyncMode               0x08004010   Section        0  usart.o(i.LL_USART_ConfigAsyncMode)
    LL_USART_ConfigAsyncMode                 0x08004011   Thumb Code    20  usart.o(i.LL_USART_ConfigAsyncMode)
    i.LL_USART_Init                          0x08004024   Section        0  stm32g0xx_ll_usart.o(i.LL_USART_Init)
    i.LL_mDelay                              0x08004104   Section        0  stm32g0xx_ll_utils.o(i.LL_mDelay)
    i.MOS_Ctrl                               0x08004120   Section        0  app_mos.o(i.MOS_Ctrl)
    i.MX_ADC1_Init                           0x08004354   Section        0  adc.o(i.MX_ADC1_Init)
    i.MX_EXTI_Init                           0x080044a0   Section        0  gpio.o(i.MX_EXTI_Init)
    i.MX_GPIO_Init                           0x080045e4   Section        0  gpio.o(i.MX_GPIO_Init)
    i.MX_RTC_Init                            0x080046a0   Section        0  rtc.o(i.MX_RTC_Init)
    i.MX_TIM16_Init                          0x08004778   Section        0  tim.o(i.MX_TIM16_Init)
    i.MX_USART1_UART_Init                    0x080047c0   Section        0  usart.o(i.MX_USART1_UART_Init)
    i.MX_USART2_UART_Init                    0x0800488c   Section        0  usart.o(i.MX_USART2_UART_Init)
    i.NMI_Handler                            0x08004960   Section        0  stm32g0xx_it.o(i.NMI_Handler)
    i.PCMonitor_Process                      0x08004964   Section        0  pcmonitor_protocol.o(i.PCMonitor_Process)
    i.PendSV_Handler                         0x08004be8   Section        0  stm32g0xx_it.o(i.PendSV_Handler)
    i.Process_100ms_CYC                      0x08004bec   Section        0  app_bms.o(i.Process_100ms_CYC)
    i.Process_500ms_CYC1                     0x08004ce0   Section        0  app_bms.o(i.Process_500ms_CYC1)
    i.RCC_GetHCLKClockFreq                   0x08004d2c   Section        0  stm32g0xx_ll_rcc.o(i.RCC_GetHCLKClockFreq)
    i.RCC_GetPCLK1ClockFreq                  0x08004d4c   Section        0  stm32g0xx_ll_rcc.o(i.RCC_GetPCLK1ClockFreq)
    i.RCC_GetSystemClockFreq                 0x08004d6c   Section        0  stm32g0xx_ll_rcc.o(i.RCC_GetSystemClockFreq)
    i.RCC_PLL_GetFreqDomain_SYS              0x08004da8   Section        0  stm32g0xx_ll_rcc.o(i.RCC_PLL_GetFreqDomain_SYS)
    i.RS485Check                             0x08004de8   Section        0  pcmonitor_protocol.o(i.RS485Check)
    i.RS485_Process                          0x08004e00   Section        0  pcmonitor_protocol.o(i.RS485_Process)
    i.RS485_SendByte                         0x08004e4c   Section        0  usart.o(i.RS485_SendByte)
    i.RTC_Bcd2ToByte                         0x08004e7c   Section        0  rtc.o(i.RTC_Bcd2ToByte)
    i.RTC_TAMP_IRQHandler                    0x08004e8c   Section        0  stm32g0xx_it.o(i.RTC_TAMP_IRQHandler)
    i.RealRemainCap_Calibration              0x08004ec4   Section        0  app_soc.o(i.RealRemainCap_Calibration)
    i.RemainCap_Integral                     0x08004f18   Section        0  app_soc.o(i.RemainCap_Integral)
    i.RingBuf_Read                           0x08004fa4   Section        0  pcmonitor_protocol.o(i.RingBuf_Read)
    i.RingBuf_Write                          0x08004fd8   Section        0  pcmonitor_protocol.o(i.RingBuf_Write)
    i.SH30x_I2C_Ack                          0x08005004   Section        0  bsp_simiic.o(i.SH30x_I2C_Ack)
    i.SH30x_I2C_NAck                         0x0800504c   Section        0  bsp_simiic.o(i.SH30x_I2C_NAck)
    i.SH30x_I2C_ReadByte                     0x0800508c   Section        0  bsp_simiic.o(i.SH30x_I2C_ReadByte)
    i.SH30x_I2C_SendByte                     0x080050e8   Section        0  bsp_simiic.o(i.SH30x_I2C_SendByte)
    i.SH30x_I2C_Start                        0x08005150   Section        0  bsp_simiic.o(i.SH30x_I2C_Start)
    i.SH30x_I2C_Stop                         0x080051a0   Section        0  bsp_simiic.o(i.SH30x_I2C_Stop)
    i.SH30x_I2C_WaitAck                      0x080051e0   Section        0  bsp_simiic.o(i.SH30x_I2C_WaitAck)
    i.SH30x_IICPort_Init                     0x08005230   Section        0  bsp_simiic.o(i.SH30x_IICPort_Init)
    i.SH30x_ReadData                         0x08005284   Section        0  bsp_sh36730x.o(i.SH30x_ReadData)
    i.SH30x_WriteData                        0x080052ac   Section        0  bsp_sh36730x.o(i.SH30x_WriteData)
    i.SH30x_init                             0x08005300   Section        0  bsp_sh36730x.o(i.SH30x_init)
    i.SH_BALANCESET                          0x08005384   Section        0  bsp_sh36730x.o(i.SH_BALANCESET)
    i.SH_CHGR_CHECK                          0x080053d4   Section        0  bsp_sh36730x.o(i.SH_CHGR_CHECK)
    i.SH_ClrAlarm                            0x080053f8   Section        0  bsp_sh36730x.o(i.SH_ClrAlarm)
    i.SH_EnterLowPower                       0x08005454   Section        0  bsp_sh36730x.o(i.SH_EnterLowPower)
    i.SH_GetBSTATUS                          0x080054b8   Section        0  bsp_sh36730x.o(i.SH_GetBSTATUS)
    i.SH_GetCUR                              0x080054dc   Section        0  bsp_sh36730x.o(i.SH_GetCUR)
    i.SH_GetCellTemp                         0x08005530   Section        0  bsp_sh36730x.o(i.SH_GetCellTemp)
    i.SH_GetCellVolt                         0x0800556c   Section        0  bsp_sh36730x.o(i.SH_GetCellVolt)
    i.SH_GetSFlag                            0x080055b8   Section        0  bsp_sh36730x.o(i.SH_GetSFlag)
    i.SH_LOAD_CHECK                          0x0800566c   Section        0  bsp_sh36730x.o(i.SH_LOAD_CHECK)
    i.SH_MOSCtrl                             0x08005690   Section        0  bsp_sh36730x.o(i.SH_MOSCtrl)
    i.SH_OpenAlarmInt                        0x080056d0   Section        0  bsp_sh36730x.o(i.SH_OpenAlarmInt)
    i.SH_StrlVCAD                            0x080056f4   Section        0  bsp_sh36730x.o(i.SH_StrlVCAD)
    i.SIFBUS_SendMsg                         0x08005770   Section        0  bsp_simuart.o(i.SIFBUS_SendMsg)
    i.SIFProcess                             0x080057bc   Section        0  bsp_sifbus.o(i.SIFProcess)
    i.SIF_QueryDataPack                      0x08005848   Section        0  bsp_sifbus.o(i.SIF_QueryDataPack)
    SIF_QueryDataPack                        0x08005849   Thumb Code   246  bsp_sifbus.o(i.SIF_QueryDataPack)
    i.SIF_TIM_IRQPro                         0x08005954   Section        0  bsp_simuart.o(i.SIF_TIM_IRQPro)
    i.SIIC_ReadData                          0x08005988   Section        0  bsp_sh36730x.o(i.SIIC_ReadData)
    i.SUART_Protocol                         0x08005a40   Section        0  bsp_simuart.o(i.SUART_Protocol)
    i.SUartTxDataPro                         0x08005a9c   Section        0  bsp_simuart.o(i.SUartTxDataPro)
    i.SUart_Read_Disable                     0x08005b60   Section        0  bsp_simuart.o(i.SUart_Read_Disable)
    i.SUart_Read_Enable                      0x08005b80   Section        0  bsp_simuart.o(i.SUart_Read_Enable)
    i.SVC_Handler                            0x08005bac   Section        0  stm32g0xx_it.o(i.SVC_Handler)
    i.Send485DataToPC                        0x08005bb0   Section        0  pcmonitor_protocol.o(i.Send485DataToPC)
    i.SendArgDataToPC                        0x08005e64   Section        0  pcmonitor_protocol.o(i.SendArgDataToPC)
    i.SendRArgDataToPC                       0x08005f00   Section        0  pcmonitor_protocol.o(i.SendRArgDataToPC)
    i.SetWakeUpTimer_IT                      0x08005f60   Section        0  rtc.o(i.SetWakeUpTimer_IT)
    i.SifTxDataPro                           0x08005fd8   Section        0  bsp_simuart.o(i.SifTxDataPro)
    i.SleepCheck                             0x0800612c   Section        0  app_lowpower.o(i.SleepCheck)
    i.Sleep_PinInit                          0x080062ec   Section        0  gpio.o(i.Sleep_PinInit)
    i.Soc_ClrOrSetCtrl                       0x080063a8   Section        0  app_soc.o(i.Soc_ClrOrSetCtrl)
    i.Soc_Init                               0x08006514   Section        0  app_soc.o(i.Soc_Init)
    i.Soft_Delay                             0x080065b4   Section        0  app_bms.o(i.Soft_Delay)
    i.SysParaInit                            0x080065c4   Section        0  app_config.o(i.SysParaInit)
    i.SysTick_Handler                        0x080065fc   Section        0  stm32g0xx_it.o(i.SysTick_Handler)
    i.SystemClock_Config                     0x0800660c   Section        0  main.o(i.SystemClock_Config)
    i.SystemInit                             0x080066b8   Section        0  system_stm32g0xx.o(i.SystemInit)
    i.TIM14_IRQHandler                       0x080066c8   Section        0  stm32g0xx_it.o(i.TIM14_IRQHandler)
    i.TIM16_IRQHandler                       0x080066d8   Section        0  stm32g0xx_it.o(i.TIM16_IRQHandler)
    i.UART2RxDataPro                         0x080066ec   Section        0  bsp_simuart.o(i.UART2RxDataPro)
    i.UARTBUS_SendMsg                        0x08006728   Section        0  bsp_simuart.o(i.UARTBUS_SendMsg)
    i.USART1_IRQHandler                      0x0800676c   Section        0  stm32g0xx_it.o(i.USART1_IRQHandler)
    i.USART2_IRQHandler                      0x080067b4   Section        0  stm32g0xx_it.o(i.USART2_IRQHandler)
    i.Update_CellTemps                       0x080067fc   Section        0  app_temprature.o(i.Update_CellTemps)
    i.Update_CellVolt                        0x08006878   Section        0  app_volt.o(i.Update_CellVolt)
    i.Update_Current                         0x08006910   Section        0  app_current.o(i.Update_Current)
    i.VolFilter                              0x0800693c   Section        0  adc.o(i.VolFilter)
    i.__0printf$1                            0x080069e4   Section        0  printf1.o(i.__0printf$1)
    i.__ARM_common_switch8                   0x08006a04   Section        0  bsp_simuart.o(i.__ARM_common_switch8)
    i.__NVIC_DisableIRQ                      0x08006a20   Section        0  gpio.o(i.__NVIC_DisableIRQ)
    __NVIC_DisableIRQ                        0x08006a21   Thumb Code    26  gpio.o(i.__NVIC_DisableIRQ)
    i.__NVIC_EnableIRQ                       0x08006a40   Section        0  gpio.o(i.__NVIC_EnableIRQ)
    __NVIC_EnableIRQ                         0x08006a41   Thumb Code    18  gpio.o(i.__NVIC_EnableIRQ)
    i.__NVIC_EnableIRQ                       0x08006a58   Section        0  tim.o(i.__NVIC_EnableIRQ)
    __NVIC_EnableIRQ                         0x08006a59   Thumb Code    18  tim.o(i.__NVIC_EnableIRQ)
    i.__NVIC_EnableIRQ                       0x08006a70   Section        0  usart.o(i.__NVIC_EnableIRQ)
    __NVIC_EnableIRQ                         0x08006a71   Thumb Code    18  usart.o(i.__NVIC_EnableIRQ)
    i.__NVIC_SetPriority                     0x08006a88   Section        0  gpio.o(i.__NVIC_SetPriority)
    __NVIC_SetPriority                       0x08006a89   Thumb Code    60  gpio.o(i.__NVIC_SetPriority)
    i.__NVIC_SetPriority                     0x08006acc   Section        0  tim.o(i.__NVIC_SetPriority)
    __NVIC_SetPriority                       0x08006acd   Thumb Code    60  tim.o(i.__NVIC_SetPriority)
    i.__NVIC_SetPriority                     0x08006b10   Section        0  usart.o(i.__NVIC_SetPriority)
    __NVIC_SetPriority                       0x08006b11   Thumb Code    60  usart.o(i.__NVIC_SetPriority)
    i.__scatterload_copy                     0x08006b54   Section       14  handlers.o(i.__scatterload_copy)
    i.__scatterload_null                     0x08006b62   Section        2  handlers.o(i.__scatterload_null)
    i.__scatterload_zeroinit                 0x08006b64   Section       14  handlers.o(i.__scatterload_zeroinit)
    i._printf_core                           0x08006b74   Section        0  printf1.o(i._printf_core)
    _printf_core                             0x08006b75   Thumb Code   332  printf1.o(i._printf_core)
    i.bsp_init                               0x08006cc4   Section        0  main.o(i.bsp_init)
    i.fputc                                  0x08006cf4   Section        0  usart.o(i.fputc)
    i.isCali_CHG_Enable                      0x08006d04   Section        0  app_soc.o(i.isCali_CHG_Enable)
    i.isCali_DSG_Enable                      0x08006da0   Section        0  app_soc.o(i.isCali_DSG_Enable)
    i.isSocInitEnable                        0x08006e6c   Section        0  app_soc.o(i.isSocInitEnable)
    i.main                                   0x08006f10   Section        0  main.o(i.main)
    .constdata                               0x08007060   Section       48  stm32g0xx_ll_usart.o(.constdata)
    USART_PRESCALER_TAB                      0x08007060   Data          48  stm32g0xx_ll_usart.o(.constdata)
    .constdata                               0x08007090   Section       64  system_stm32g0xx.o(.constdata)
    .constdata                               0x080070d0   Section       32  system_stm32g0xx.o(.constdata)
    .constdata                               0x080070f0   Section      322  app_temprature.o(.constdata)
    .constdata                               0x08007234   Section      524  bsp_sifbus.o(.constdata)
    CrcCcittTable                            0x08007234   Data         512  bsp_sifbus.o(.constdata)
    .data                                    0x20000000   Section        4  main.o(.data)
    .data                                    0x20000004   Section        4  adc.o(.data)
    .data                                    0x20000008   Section        4  rtc.o(.data)
    .data                                    0x2000000c   Section        1  rtc.o(.data)
    initFalg                                 0x2000000c   Data           1  rtc.o(.data)
    .data                                    0x20000010   Section        4  usart.o(.data)
    .data                                    0x20000014   Section        4  system_stm32g0xx.o(.data)
    .data                                    0x20000018   Section       60  app_alarm.o(.data)
    CHGProFlag                               0x20000018   Data           1  app_alarm.o(.data)
    SmallCurrTime                            0x2000004c   Data           4  app_alarm.o(.data)
    OVcountRTime                             0x20000050   Data           4  app_alarm.o(.data)
    .data                                    0x20000054   Section        8  app_bms.o(.data)
    currperiodtime                           0x20000058   Data           4  app_bms.o(.data)
    .data                                    0x2000005c   Section       16  app_current.o(.data)
    sta                                      0x2000005c   Data           1  app_current.o(.data)
    chgTime                                  0x2000005e   Data           2  app_current.o(.data)
    dsgTime                                  0x20000060   Data           2  app_current.o(.data)
    SticTime                                 0x20000062   Data           2  app_current.o(.data)
    R_ODC_T                                  0x20000064   Data           4  app_current.o(.data)
    R_OCC_T                                  0x20000068   Data           4  app_current.o(.data)
    .data                                    0x2000006c   Section        6  app_lowpower.o(.data)
    SmallCurrTime                            0x2000006c   Data           1  app_lowpower.o(.data)
    timeout                                  0x2000006d   Data           1  app_lowpower.o(.data)
    timeout                                  0x20000070   Data           2  app_lowpower.o(.data)
    .data                                    0x20000072   Section     1622  app_soc.o(.data)
    DSGCaliFlaG                              0x20000072   Data           1  app_soc.o(.data)
    count_Cyc                                0x20000073   Data           1  app_soc.o(.data)
    SetTimer                                 0x20000074   Data           1  app_soc.o(.data)
    ClearTimer                               0x20000075   Data           1  app_soc.o(.data)
    SOCClrFlag                               0x20000076   Data           1  app_soc.o(.data)
    SOCSetFlag                               0x20000077   Data           1  app_soc.o(.data)
    SetFlagCLrTime                           0x20000078   Data           1  app_soc.o(.data)
    ClrFlagCLrTime                           0x20000079   Data           1  app_soc.o(.data)
    timeout                                  0x2000007a   Data           1  app_soc.o(.data)
    chgstat                                  0x2000007b   Data           1  app_soc.o(.data)
    Shotstat                                 0x2000007c   Data           1  app_soc.o(.data)
    UVFalg                                   0x2000007d   Data           1  app_soc.o(.data)
    timeout                                  0x20000080   Data           2  app_soc.o(.data)
    caliFactor                               0x20000082   Data           2  app_soc.o(.data)
    chgTime                                  0x20000084   Data           2  app_soc.o(.data)
    DSGTime                                  0x20000086   Data           2  app_soc.o(.data)
    noShortime                               0x20000088   Data           2  app_soc.o(.data)
    noUVtime                                 0x2000008a   Data           2  app_soc.o(.data)
    timeout                                  0x2000008c   Data           3  app_soc.o(.data)
    C_TempArr                                0x2000008f   Data           4  app_soc.o(.data)
    D_TempArr                                0x20000093   Data           7  app_soc.o(.data)
    K_TempArr                                0x2000009a   Data           8  app_soc.o(.data)
    D_33Region                               0x200000a2   Data         294  app_soc.o(.data)
    D_50Region                               0x200001c8   Data         294  app_soc.o(.data)
    D_100Region                              0x200002ee   Data         294  app_soc.o(.data)
    C_33Region                               0x20000414   Data         168  app_soc.o(.data)
    C_50Region                               0x200004bc   Data         168  app_soc.o(.data)
    TempTable                                0x20000564   Data          20  app_soc.o(.data)
    K_Region                                 0x20000578   Data         336  app_soc.o(.data)
    .data                                    0x200006c8   Section        6  app_mos.o(.data)
    DSG_OpenDelay                            0x200006ca   Data           1  app_mos.o(.data)
    CHG_OpenDelay                            0x200006cb   Data           1  app_mos.o(.data)
    CHG_time                                 0x200006cc   Data           1  app_mos.o(.data)
    DSG_time                                 0x200006cd   Data           1  app_mos.o(.data)
    .data                                    0x200006d0   Section        4  app_temprature.o(.data)
    .data                                    0x200006d4   Section        6  app_volt.o(.data)
    VoltChargeBigTime                        0x200006d4   Data           1  app_volt.o(.data)
    BalanceAllow                             0x200006d5   Data           1  app_volt.o(.data)
    maxVol_value                             0x200006d6   Data           2  app_volt.o(.data)
    minVol_value                             0x200006d8   Data           2  app_volt.o(.data)
    .data                                    0x200006dc   Section       18  bsp_sifbus.o(.data)
    CutCOUNT                                 0x200006de   Data           1  bsp_sifbus.o(.data)
    AddCOUNT                                 0x200006df   Data           1  bsp_sifbus.o(.data)
    Show0Flag                                0x200006e0   Data           1  bsp_sifbus.o(.data)
    Timed                                    0x200006e4   Data           4  bsp_sifbus.o(.data)
    .data                                    0x200006ee   Section        4  bsp_simuart.o(.data)
    ucSendBitCx                              0x200006ef   Data           1  bsp_simuart.o(.data)
    ucSendByteCx                             0x200006f0   Data           1  bsp_simuart.o(.data)
    .data                                    0x200006f2   Section        7  bsp_sh36730x.o(.data)
    .data                                    0x200006fc   Section       48  bsp_simiic.o(.data)
    IIC_GPIO_INFO                            0x200006fc   Data          48  bsp_simiic.o(.data)
    .data                                    0x2000072c   Section      238  pcmonitor_protocol.o(.data)
    TempNum                                  0x2000072c   Data           1  pcmonitor_protocol.o(.data)
    .bss                                     0x2000081c   Section      164  app_bms.o(.bss)
    .bss                                     0x200008c0   Section       80  app_flash.o(.bss)
    .bss                                     0x20000910   Section      409  bsp_simuart.o(.bss)
    .bss                                     0x20000aa9   Section      100  pcmonitor_protocol.o(.bss)
    STACK                                    0x20000b10   Section     1024  startup_stm32g030xx.o(STACK)

    Global Symbols

    Symbol Name                              Value     Ov Type        Size  Object(Section)

    BuildAttributes$$THM_ISAv3M$S$PE$A:L22$X:L11$S22$IEEE1$IW$USESV6$~STKCKD$USESV7$~SHL$OSPACE$ROPI$EBA8$MICROLIB$REQ8$PRES8$EABIv2 0x00000000   Number         0  anon$$obj.o ABSOLUTE
    __ARM_use_no_argv                        0x00000000   Number         0  main.o ABSOLUTE
    __use_no_errno                           0x00000000   Number         0  useno.o ABSOLUTE
    __use_no_exception_handling              0x00000000   Number         0  useno.o ABSOLUTE
    __use_no_fp                              0x00000000   Number         0  useno.o ABSOLUTE
    __use_no_heap                            0x00000000   Number         0  useno.o ABSOLUTE
    __use_no_heap_region                     0x00000000   Number         0  useno.o ABSOLUTE
    __use_no_semihosting                     0x00000000   Number         0  useno.o ABSOLUTE
    __use_no_semihosting_swi                 0x00000000   Number         0  useno.o ABSOLUTE
    __use_no_signal_handling                 0x00000000   Number         0  useno.o ABSOLUTE
    _printf_a                                0x00000000   Number         0  stubs.o ABSOLUTE
    _printf_c                                0x00000000   Number         0  stubs.o ABSOLUTE
    _printf_charcount                        0x00000000   Number         0  stubs.o ABSOLUTE
    _printf_d                                0x00000000   Number         0  stubs.o ABSOLUTE
    _printf_e                                0x00000000   Number         0  stubs.o ABSOLUTE
    _printf_f                                0x00000000   Number         0  stubs.o ABSOLUTE
    _printf_flags                            0x00000000   Number         0  stubs.o ABSOLUTE
    _printf_fp_dec                           0x00000000   Number         0  stubs.o ABSOLUTE
    _printf_fp_hex                           0x00000000   Number         0  stubs.o ABSOLUTE
    _printf_g                                0x00000000   Number         0  stubs.o ABSOLUTE
    _printf_i                                0x00000000   Number         0  stubs.o ABSOLUTE
    _printf_int_dec                          0x00000000   Number         0  stubs.o ABSOLUTE
    _printf_l                                0x00000000   Number         0  stubs.o ABSOLUTE
    _printf_lc                               0x00000000   Number         0  stubs.o ABSOLUTE
    _printf_ll                               0x00000000   Number         0  stubs.o ABSOLUTE
    _printf_lld                              0x00000000   Number         0  stubs.o ABSOLUTE
    _printf_lli                              0x00000000   Number         0  stubs.o ABSOLUTE
    _printf_llo                              0x00000000   Number         0  stubs.o ABSOLUTE
    _printf_llu                              0x00000000   Number         0  stubs.o ABSOLUTE
    _printf_llx                              0x00000000   Number         0  stubs.o ABSOLUTE
    _printf_longlong_dec                     0x00000000   Number         0  stubs.o ABSOLUTE
    _printf_longlong_hex                     0x00000000   Number         0  stubs.o ABSOLUTE
    _printf_longlong_oct                     0x00000000   Number         0  stubs.o ABSOLUTE
    _printf_ls                               0x00000000   Number         0  stubs.o ABSOLUTE
    _printf_mbtowc                           0x00000000   Number         0  stubs.o ABSOLUTE
    _printf_n                                0x00000000   Number         0  stubs.o ABSOLUTE
    _printf_o                                0x00000000   Number         0  stubs.o ABSOLUTE
    _printf_p                                0x00000000   Number         0  stubs.o ABSOLUTE
    _printf_percent                          0x00000000   Number         0  stubs.o ABSOLUTE
    _printf_pre_padding                      0x00000000   Number         0  stubs.o ABSOLUTE
    _printf_return_value                     0x00000000   Number         0  stubs.o ABSOLUTE
    _printf_s                                0x00000000   Number         0  stubs.o ABSOLUTE
    _printf_sizespec                         0x00000000   Number         0  stubs.o ABSOLUTE
    _printf_str                              0x00000000   Number         0  stubs.o ABSOLUTE
    _printf_truncate_signed                  0x00000000   Number         0  stubs.o ABSOLUTE
    _printf_truncate_unsigned                0x00000000   Number         0  stubs.o ABSOLUTE
    _printf_u                                0x00000000   Number         0  stubs.o ABSOLUTE
    _printf_wc                               0x00000000   Number         0  stubs.o ABSOLUTE
    _printf_wctomb                           0x00000000   Number         0  stubs.o ABSOLUTE
    _printf_widthprec                        0x00000000   Number         0  stubs.o ABSOLUTE
    _printf_x                                0x00000000   Number         0  stubs.o ABSOLUTE
    __cpp_initialize__aeabi_                  - Undefined Weak Reference
    __cxa_finalize                            - Undefined Weak Reference
    _clock_init                               - Undefined Weak Reference
    _microlib_exit                            - Undefined Weak Reference
    __Vectors_Size                           0x000000c0   Number         0  startup_stm32g030xx.o ABSOLUTE
    __Vectors                                0x08001900   Data           4  startup_stm32g030xx.o(RESET)
    __Vectors_End                            0x080019c0   Data           0  startup_stm32g030xx.o(RESET)
    __main                                   0x080019c1   Thumb Code     0  entry.o(.ARM.Collect$$$$00000000)
    _main_stk                                0x080019c1   Thumb Code     0  entry2.o(.ARM.Collect$$$$00000001)
    _main_scatterload                        0x080019c5   Thumb Code     0  entry5.o(.ARM.Collect$$$$00000004)
    __main_after_scatterload                 0x080019c9   Thumb Code     0  entry5.o(.ARM.Collect$$$$00000004)
    _main_clock                              0x080019c9   Thumb Code     0  entry7b.o(.ARM.Collect$$$$00000008)
    _main_cpp_init                           0x080019c9   Thumb Code     0  entry8b.o(.ARM.Collect$$$$0000000A)
    _main_init                               0x080019c9   Thumb Code     0  entry9a.o(.ARM.Collect$$$$0000000B)
    __rt_final_cpp                           0x080019d1   Thumb Code     0  entry10a.o(.ARM.Collect$$$$0000000D)
    __rt_final_exit                          0x080019d1   Thumb Code     0  entry11a.o(.ARM.Collect$$$$0000000F)
    Reset_Handler                            0x080019d5   Thumb Code     8  startup_stm32g030xx.o(.text)
    ADC1_IRQHandler                          0x080019e7   Thumb Code     0  startup_stm32g030xx.o(.text)
    DMA1_Ch4_5_DMAMUX1_OVR_IRQHandler        0x080019e7   Thumb Code     0  startup_stm32g030xx.o(.text)
    DMA1_Channel1_IRQHandler                 0x080019e7   Thumb Code     0  startup_stm32g030xx.o(.text)
    DMA1_Channel2_3_IRQHandler               0x080019e7   Thumb Code     0  startup_stm32g030xx.o(.text)
    FLASH_IRQHandler                         0x080019e7   Thumb Code     0  startup_stm32g030xx.o(.text)
    I2C1_IRQHandler                          0x080019e7   Thumb Code     0  startup_stm32g030xx.o(.text)
    I2C2_IRQHandler                          0x080019e7   Thumb Code     0  startup_stm32g030xx.o(.text)
    RCC_IRQHandler                           0x080019e7   Thumb Code     0  startup_stm32g030xx.o(.text)
    SPI1_IRQHandler                          0x080019e7   Thumb Code     0  startup_stm32g030xx.o(.text)
    SPI2_IRQHandler                          0x080019e7   Thumb Code     0  startup_stm32g030xx.o(.text)
    TIM17_IRQHandler                         0x080019e7   Thumb Code     0  startup_stm32g030xx.o(.text)
    TIM1_BRK_UP_TRG_COM_IRQHandler           0x080019e7   Thumb Code     0  startup_stm32g030xx.o(.text)
    TIM1_CC_IRQHandler                       0x080019e7   Thumb Code     0  startup_stm32g030xx.o(.text)
    TIM3_IRQHandler                          0x080019e7   Thumb Code     0  startup_stm32g030xx.o(.text)
    WWDG_IRQHandler                          0x080019e7   Thumb Code     0  startup_stm32g030xx.o(.text)
    __aeabi_uidiv                            0x080019f1   Thumb Code     0  uidiv.o(.text)
    __aeabi_uidivmod                         0x080019f1   Thumb Code    44  uidiv.o(.text)
    __aeabi_idiv                             0x08001a1d   Thumb Code     0  idiv.o(.text)
    __aeabi_idivmod                          0x08001a1d   Thumb Code    40  idiv.o(.text)
    __aeabi_ldivmod                          0x08001a45   Thumb Code    76  ldiv.o(.text)
    __aeabi_lmul                             0x08001a91   Thumb Code   122  llmul.o(.text)
    _ll_mul                                  0x08001a91   Thumb Code     0  llmul.o(.text)
    __aeabi_memset                           0x08001b0b   Thumb Code    14  memseta.o(.text)
    __aeabi_memset4                          0x08001b0b   Thumb Code     0  memseta.o(.text)
    __aeabi_memset8                          0x08001b0b   Thumb Code     0  memseta.o(.text)
    __aeabi_memclr                           0x08001b19   Thumb Code     4  memseta.o(.text)
    __aeabi_memclr4                          0x08001b19   Thumb Code     0  memseta.o(.text)
    __aeabi_memclr8                          0x08001b19   Thumb Code     0  memseta.o(.text)
    _memset$wrapper                          0x08001b1d   Thumb Code    18  memseta.o(.text)
    strstr                                   0x08001b2f   Thumb Code    40  strstr.o(.text)
    __aeabi_uldivmod                         0x08001b57   Thumb Code    96  uldiv.o(.text)
    __aeabi_llsl                             0x08001bb7   Thumb Code    32  llshl.o(.text)
    _ll_shift_l                              0x08001bb7   Thumb Code     0  llshl.o(.text)
    __scatterload                            0x08001bd9   Thumb Code    28  init.o(.text)
    __scatterload_rt2                        0x08001bd9   Thumb Code     0  init.o(.text)
    __aeabi_llsr                             0x08001bfd   Thumb Code    34  llushr.o(.text)
    _ll_ushift_r                             0x08001bfd   Thumb Code     0  llushr.o(.text)
    __decompress                             0x08001c1f   Thumb Code     0  __dclz77c.o(.text)
    __decompress2                            0x08001c1f   Thumb Code    96  __dclz77c.o(.text)
    ADC_Calibration                          0x08001c81   Thumb Code   118  adc.o(i.ADC_Calibration)
    ADC_Disable                              0x08001d09   Thumb Code    32  adc.o(i.ADC_Disable)
    ADC_Enable                               0x08001d31   Thumb Code    36  adc.o(i.ADC_Enable)
    ADC_GetValue                             0x08001d5d   Thumb Code    66  adc.o(i.ADC_GetValue)
    ADC_SelecteChannel                       0x08001da9   Thumb Code    24  adc.o(i.ADC_SelecteChannel)
    ADC_WaitSampleOver                       0x08001dc9   Thumb Code    22  adc.o(i.ADC_WaitSampleOver)
    AlarmCheck                               0x08001de9   Thumb Code   734  app_alarm.o(i.AlarmCheck)
    AlarmFilter                              0x080020f5   Thumb Code    90  app_alarm.o(i.AlarmFilter)
    BalanceCtrl                              0x0800214f   Thumb Code    24  app_volt.o(i.BalanceCtrl)
    BootCmd_Process                          0x08002169   Thumb Code   212  bsp_sifbus.o(i.BootCmd_Process)
    CCAlarm_RProcess                         0x08002255   Thumb Code    84  app_current.o(i.CCAlarm_RProcess)
    CFSIFProtocol                            0x080022bd   Thumb Code   194  bsp_sifbus.o(i.CFSIFProtocol)
    CHGDSG_MOS_CheckOK                       0x08002391   Thumb Code    96  app_alarm.o(i.CHGDSG_MOS_CheckOK)
    CRC8                                     0x080023f9   Thumb Code    52  app_bms.o(i.CRC8)
    CheckFlash                               0x0800242d   Thumb Code    52  app_flash.o(i.CheckFlash)
    Crc16_Calculate                          0x0800246d   Thumb Code    36  bsp_sifbus.o(i.Crc16_Calculate)
    CurrAlarmProcess                         0x08002495   Thumb Code   194  app_current.o(i.CurrAlarmProcess)
    CurrentStateDetect                       0x08002575   Thumb Code   114  app_current.o(i.CurrentStateDetect)
    CycleCount_Init                          0x080025f5   Thumb Code    50  app_soc.o(i.CycleCount_Init)
    Cycle_Integral                           0x08002641   Thumb Code   262  app_soc.o(i.Cycle_Integral)
    DCAlarm_RProcess                         0x0800276d   Thumb Code   122  app_current.o(i.DCAlarm_RProcess)
    Data_xor                                 0x08002801   Thumb Code    26  bsp_sifbus.o(i.Data_xor)
    DeepSleep                                0x0800281b   Thumb Code    12  app_lowpower.o(i.DeepSleep)
    DeepSleepCheck                           0x08002829   Thumb Code    68  app_lowpower.o(i.DeepSleepCheck)
    EXTI0_1_IRQHandler                       0x08002881   Thumb Code    96  stm32g0xx_it.o(i.EXTI0_1_IRQHandler)
    EXTI2_3_IRQHandler                       0x080028e9   Thumb Code    50  stm32g0xx_it.o(i.EXTI2_3_IRQHandler)
    EXTI4_15_IRQHandler                      0x08002925   Thumb Code    50  stm32g0xx_it.o(i.EXTI4_15_IRQHandler)
    Enter_StopMode                           0x08002961   Thumb Code   106  app_lowpower.o(i.Enter_StopMode)
    Enter_Stop_ENable                        0x080029d9   Thumb Code    32  app_lowpower.o(i.Enter_Stop_ENable)
    FLASH_WaitForLastOperation               0x08002a01   Thumb Code    90  flash.o(i.FLASH_WaitForLastOperation)
    Find_Adc_Temp                            0x08002a69   Thumb Code    52  app_temprature.o(i.Find_Adc_Temp)
    FlashInit                                0x08002aa5   Thumb Code    30  app_flash.o(i.FlashInit)
    FlashParaSetDefault                      0x08002ae1   Thumb Code    92  app_flash.o(i.FlashParaSetDefault)
    Flash_ReadPara                           0x08002b49   Thumb Code   384  app_flash.o(i.Flash_ReadPara)
    Flash_WritePara                          0x08002cd1   Thumb Code   598  app_flash.o(i.Flash_WritePara)
    GPIO_CloseWEAK_EXTI                      0x08002f31   Thumb Code    74  gpio.o(i.GPIO_CloseWEAK_EXTI)
    GPIO_ReadPin                             0x08002f7b   Thumb Code    14  gpio.o(i.GPIO_ReadPin)
    GPIO_WritePin                            0x08002f89   Thumb Code    12  gpio.o(i.GPIO_WritePin)
    GTDS_SIF_process                         0x08002f95   Thumb Code   306  bsp_sifbus.o(i.GTDS_SIF_process)
    GT_GET_RTC                               0x080030d5   Thumb Code   104  rtc.o(i.GT_GET_RTC)
    GT_TIM16_CMD                             0x08003145   Thumb Code    40  tim.o(i.GT_TIM16_CMD)
    GT_TIM_SET_AUTORELOAD                    0x08003171   Thumb Code     6  tim.o(i.GT_TIM_SET_AUTORELOAD)
    GT_TIM_SET_COUNTER                       0x0800317d   Thumb Code     6  tim.o(i.GT_TIM_SET_COUNTER)
    GT_UART2_CMD                             0x08003189   Thumb Code    22  usart.o(i.GT_UART2_CMD)
    GetCheck                                 0x080031a5   Thumb Code    90  app_flash.o(i.GetCheck)
    GetClibrationDiff_Current                0x08003205   Thumb Code    16  app_current.o(i.GetClibrationDiff_Current)
    GetFactor_Cali_CHG                       0x08003215   Thumb Code   184  app_soc.o(i.GetFactor_Cali_CHG)
    GetFactor_Cali_DSG                       0x080032d9   Thumb Code   230  app_soc.o(i.GetFactor_Cali_DSG)
    GetFactor_Cali_DSGTempCoeff              0x080033d5   Thumb Code    44  app_soc.o(i.GetFactor_Cali_DSGTempCoeff)
    GetPage                                  0x08003405   Thumb Code    10  flash.o(i.GetPage)
    Get_Percent                              0x0800340f   Thumb Code    36  app_soc.o(i.Get_Percent)
    Get_TableT_Coefficient                   0x08003435   Thumb Code   120  app_soc.o(i.Get_TableT_Coefficient)
    Get_TableV_SOC                           0x080034b9   Thumb Code   160  app_soc.o(i.Get_TableV_SOC)
    HAL_FLASHEx_Erase                        0x08003559   Thumb Code    84  flash.o(i.HAL_FLASHEx_Erase)
    HAL_FLASH_Lock                           0x080035b5   Thumb Code    22  flash.o(i.HAL_FLASH_Lock)
    HAL_FLASH_Program                        0x080035d1   Thumb Code    64  flash.o(i.HAL_FLASH_Program)
    HAL_FLASH_Unlock                         0x08003615   Thumb Code    28  flash.o(i.HAL_FLASH_Unlock)
    HardFault_Handler                        0x0800363d   Thumb Code    18  stm32g0xx_it.o(i.HardFault_Handler)
    JudgeBalance                             0x08003659   Thumb Code   184  app_volt.o(i.JudgeBalance)
    LL_ADC_DeInit                            0x08003721   Thumb Code   260  stm32g0xx_ll_adc.o(i.LL_ADC_DeInit)
    LL_ADC_Init                              0x0800383d   Thumb Code    52  stm32g0xx_ll_adc.o(i.LL_ADC_Init)
    LL_ADC_REG_Init                          0x08003875   Thumb Code    86  stm32g0xx_ll_adc.o(i.LL_ADC_REG_Init)
    LL_EXTI_Init                             0x08003941   Thumb Code   160  stm32g0xx_ll_exti.o(i.LL_EXTI_Init)
    LL_GPIO_DeInit                           0x08003a2d   Thumb Code    96  stm32g0xx_ll_gpio.o(i.LL_GPIO_DeInit)
    LL_GPIO_Init                             0x08003a9d   Thumb Code   168  stm32g0xx_ll_gpio.o(i.LL_GPIO_Init)
    LL_Init1msTick                           0x08003bd5   Thumb Code    26  stm32g0xx_ll_utils.o(i.LL_Init1msTick)
    LL_RCC_GetSystemClocksFreq               0x08003bf5   Thumb Code    24  stm32g0xx_ll_rcc.o(i.LL_RCC_GetSystemClocksFreq)
    LL_RCC_GetUSARTClockFreq                 0x08003c0d   Thumb Code    88  stm32g0xx_ll_rcc.o(i.LL_RCC_GetUSARTClockFreq)
    LL_RTC_DATE_Init                         0x08003c95   Thumb Code   150  stm32g0xx_ll_rtc.o(i.LL_RTC_DATE_Init)
    LL_RTC_DATE_StructInit                   0x08003d31   Thumb Code    14  stm32g0xx_ll_rtc.o(i.LL_RTC_DATE_StructInit)
    LL_RTC_EnterInitMode                     0x08003d41   Thumb Code    70  stm32g0xx_ll_rtc.o(i.LL_RTC_EnterInitMode)
    LL_RTC_Init                              0x08003d8d   Thumb Code    82  stm32g0xx_ll_rtc.o(i.LL_RTC_Init)
    LL_RTC_TIME_Init                         0x08003e05   Thumb Code   144  stm32g0xx_ll_rtc.o(i.LL_RTC_TIME_Init)
    LL_RTC_TIME_StructInit                   0x08003e99   Thumb Code    12  stm32g0xx_ll_rtc.o(i.LL_RTC_TIME_StructInit)
    LL_RTC_WaitForSynchro                    0x08003ea5   Thumb Code   110  stm32g0xx_ll_rtc.o(i.LL_RTC_WaitForSynchro)
    LL_SetSystemCoreClock                    0x08003f19   Thumb Code     6  stm32g0xx_ll_utils.o(i.LL_SetSystemCoreClock)
    LL_TIM_DeInit                            0x08003f25   Thumb Code    90  stm32g0xx_ll_tim.o(i.LL_TIM_DeInit)
    LL_TIM_Init                              0x08003f99   Thumb Code    98  stm32g0xx_ll_tim.o(i.LL_TIM_Init)
    LL_USART_Init                            0x08004025   Thumb Code   204  stm32g0xx_ll_usart.o(i.LL_USART_Init)
    LL_mDelay                                0x08004105   Thumb Code    24  stm32g0xx_ll_utils.o(i.LL_mDelay)
    MOS_Ctrl                                 0x08004121   Thumb Code   516  app_mos.o(i.MOS_Ctrl)
    MX_ADC1_Init                             0x08004355   Thumb Code   296  adc.o(i.MX_ADC1_Init)
    MX_EXTI_Init                             0x080044a1   Thumb Code   316  gpio.o(i.MX_EXTI_Init)
    MX_GPIO_Init                             0x080045e5   Thumb Code   166  gpio.o(i.MX_GPIO_Init)
    MX_RTC_Init                              0x080046a1   Thumb Code   190  rtc.o(i.MX_RTC_Init)
    MX_TIM16_Init                            0x08004779   Thumb Code    66  tim.o(i.MX_TIM16_Init)
    MX_USART1_UART_Init                      0x080047c1   Thumb Code   194  usart.o(i.MX_USART1_UART_Init)
    MX_USART2_UART_Init                      0x0800488d   Thumb Code   202  usart.o(i.MX_USART2_UART_Init)
    NMI_Handler                              0x08004961   Thumb Code     2  stm32g0xx_it.o(i.NMI_Handler)
    PCMonitor_Process                        0x08004965   Thumb Code   544  pcmonitor_protocol.o(i.PCMonitor_Process)
    PendSV_Handler                           0x08004be9   Thumb Code     2  stm32g0xx_it.o(i.PendSV_Handler)
    Process_100ms_CYC                        0x08004bed   Thumb Code   206  app_bms.o(i.Process_100ms_CYC)
    Process_500ms_CYC1                       0x08004ce1   Thumb Code    66  app_bms.o(i.Process_500ms_CYC1)
    RCC_GetHCLKClockFreq                     0x08004d2d   Thumb Code    24  stm32g0xx_ll_rcc.o(i.RCC_GetHCLKClockFreq)
    RCC_GetPCLK1ClockFreq                    0x08004d4d   Thumb Code    22  stm32g0xx_ll_rcc.o(i.RCC_GetPCLK1ClockFreq)
    RCC_GetSystemClockFreq                   0x08004d6d   Thumb Code    46  stm32g0xx_ll_rcc.o(i.RCC_GetSystemClockFreq)
    RCC_PLL_GetFreqDomain_SYS                0x08004da9   Thumb Code    56  stm32g0xx_ll_rcc.o(i.RCC_PLL_GetFreqDomain_SYS)
    RS485Check                               0x08004de9   Thumb Code    24  pcmonitor_protocol.o(i.RS485Check)
    RS485_Process                            0x08004e01   Thumb Code    70  pcmonitor_protocol.o(i.RS485_Process)
    RS485_SendByte                           0x08004e4d   Thumb Code    40  usart.o(i.RS485_SendByte)
    RTC_Bcd2ToByte                           0x08004e7d   Thumb Code    16  rtc.o(i.RTC_Bcd2ToByte)
    RTC_TAMP_IRQHandler                      0x08004e8d   Thumb Code    46  stm32g0xx_it.o(i.RTC_TAMP_IRQHandler)
    RealRemainCap_Calibration                0x08004ec5   Thumb Code    76  app_soc.o(i.RealRemainCap_Calibration)
    RemainCap_Integral                       0x08004f19   Thumb Code   128  app_soc.o(i.RemainCap_Integral)
    RingBuf_Read                             0x08004fa5   Thumb Code    46  pcmonitor_protocol.o(i.RingBuf_Read)
    RingBuf_Write                            0x08004fd9   Thumb Code    40  pcmonitor_protocol.o(i.RingBuf_Write)
    SH30x_I2C_Ack                            0x08005005   Thumb Code    68  bsp_simiic.o(i.SH30x_I2C_Ack)
    SH30x_I2C_NAck                           0x0800504d   Thumb Code    58  bsp_simiic.o(i.SH30x_I2C_NAck)
    SH30x_I2C_ReadByte                       0x0800508d   Thumb Code    86  bsp_simiic.o(i.SH30x_I2C_ReadByte)
    SH30x_I2C_SendByte                       0x080050e9   Thumb Code   100  bsp_simiic.o(i.SH30x_I2C_SendByte)
    SH30x_I2C_Start                          0x08005151   Thumb Code    74  bsp_simiic.o(i.SH30x_I2C_Start)
    SH30x_I2C_Stop                           0x080051a1   Thumb Code    58  bsp_simiic.o(i.SH30x_I2C_Stop)
    SH30x_I2C_WaitAck                        0x080051e1   Thumb Code    76  bsp_simiic.o(i.SH30x_I2C_WaitAck)
    SH30x_IICPort_Init                       0x08005231   Thumb Code    78  bsp_simiic.o(i.SH30x_IICPort_Init)
    SH30x_ReadData                           0x08005285   Thumb Code    40  bsp_sh36730x.o(i.SH30x_ReadData)
    SH30x_WriteData                          0x080052ad   Thumb Code    78  bsp_sh36730x.o(i.SH30x_WriteData)
    SH30x_init                               0x08005301   Thumb Code   126  bsp_sh36730x.o(i.SH30x_init)
    SH_BALANCESET                            0x08005385   Thumb Code    80  bsp_sh36730x.o(i.SH_BALANCESET)
    SH_CHGR_CHECK                            0x080053d5   Thumb Code    30  bsp_sh36730x.o(i.SH_CHGR_CHECK)
    SH_ClrAlarm                              0x080053f9   Thumb Code    86  bsp_sh36730x.o(i.SH_ClrAlarm)
    SH_EnterLowPower                         0x08005455   Thumb Code    90  bsp_sh36730x.o(i.SH_EnterLowPower)
    SH_GetBSTATUS                            0x080054b9   Thumb Code    30  bsp_sh36730x.o(i.SH_GetBSTATUS)
    SH_GetCUR                                0x080054dd   Thumb Code    78  bsp_sh36730x.o(i.SH_GetCUR)
    SH_GetCellTemp                           0x08005531   Thumb Code    58  bsp_sh36730x.o(i.SH_GetCellTemp)
    SH_GetCellVolt                           0x0800556d   Thumb Code    70  bsp_sh36730x.o(i.SH_GetCellVolt)
    SH_GetSFlag                              0x080055b9   Thumb Code   176  bsp_sh36730x.o(i.SH_GetSFlag)
    SH_LOAD_CHECK                            0x0800566d   Thumb Code    30  bsp_sh36730x.o(i.SH_LOAD_CHECK)
    SH_MOSCtrl                               0x08005691   Thumb Code    60  bsp_sh36730x.o(i.SH_MOSCtrl)
    SH_OpenAlarmInt                          0x080056d1   Thumb Code    36  bsp_sh36730x.o(i.SH_OpenAlarmInt)
    SH_StrlVCAD                              0x080056f5   Thumb Code   118  bsp_sh36730x.o(i.SH_StrlVCAD)
    SIFBUS_SendMsg                           0x08005771   Thumb Code    66  bsp_simuart.o(i.SIFBUS_SendMsg)
    SIFProcess                               0x080057bd   Thumb Code   130  bsp_sifbus.o(i.SIFProcess)
    SIF_TIM_IRQPro                           0x08005955   Thumb Code    44  bsp_simuart.o(i.SIF_TIM_IRQPro)
    SIIC_ReadData                            0x08005989   Thumb Code   182  bsp_sh36730x.o(i.SIIC_ReadData)
    SUART_Protocol                           0x08005a41   Thumb Code    84  bsp_simuart.o(i.SUART_Protocol)
    SUartTxDataPro                           0x08005a9d   Thumb Code   188  bsp_simuart.o(i.SUartTxDataPro)
    SUart_Read_Disable                       0x08005b61   Thumb Code    22  bsp_simuart.o(i.SUart_Read_Disable)
    SUart_Read_Enable                        0x08005b81   Thumb Code    36  bsp_simuart.o(i.SUart_Read_Enable)
    SVC_Handler                              0x08005bad   Thumb Code     2  stm32g0xx_it.o(i.SVC_Handler)
    Send485DataToPC                          0x08005bb1   Thumb Code   644  pcmonitor_protocol.o(i.Send485DataToPC)
    SendArgDataToPC                          0x08005e65   Thumb Code   148  pcmonitor_protocol.o(i.SendArgDataToPC)
    SendRArgDataToPC                         0x08005f01   Thumb Code    92  pcmonitor_protocol.o(i.SendRArgDataToPC)
    SetWakeUpTimer_IT                        0x08005f61   Thumb Code   106  rtc.o(i.SetWakeUpTimer_IT)
    SifTxDataPro                             0x08005fd9   Thumb Code   326  bsp_simuart.o(i.SifTxDataPro)
    SleepCheck                               0x0800612d   Thumb Code   408  app_lowpower.o(i.SleepCheck)
    Sleep_PinInit                            0x080062ed   Thumb Code   160  gpio.o(i.Sleep_PinInit)
    Soc_ClrOrSetCtrl                         0x080063a9   Thumb Code   318  app_soc.o(i.Soc_ClrOrSetCtrl)
    Soc_Init                                 0x08006515   Thumb Code   140  app_soc.o(i.Soc_Init)
    Soft_Delay                               0x080065b5   Thumb Code    16  app_bms.o(i.Soft_Delay)
    SysParaInit                              0x080065c5   Thumb Code    38  app_config.o(i.SysParaInit)
    SysTick_Handler                          0x080065fd   Thumb Code    10  stm32g0xx_it.o(i.SysTick_Handler)
    SystemClock_Config                       0x0800660d   Thumb Code   160  main.o(i.SystemClock_Config)
    SystemInit                               0x080066b9   Thumb Code     8  system_stm32g0xx.o(i.SystemInit)
    TIM14_IRQHandler                         0x080066c9   Thumb Code    10  stm32g0xx_it.o(i.TIM14_IRQHandler)
    TIM16_IRQHandler                         0x080066d9   Thumb Code    16  stm32g0xx_it.o(i.TIM16_IRQHandler)
    UART2RxDataPro                           0x080066ed   Thumb Code    52  bsp_simuart.o(i.UART2RxDataPro)
    UARTBUS_SendMsg                          0x08006729   Thumb Code    60  bsp_simuart.o(i.UARTBUS_SendMsg)
    USART1_IRQHandler                        0x0800676d   Thumb Code    62  stm32g0xx_it.o(i.USART1_IRQHandler)
    USART2_IRQHandler                        0x080067b5   Thumb Code    62  stm32g0xx_it.o(i.USART2_IRQHandler)
    Update_CellTemps                         0x080067fd   Thumb Code   116  app_temprature.o(i.Update_CellTemps)
    Update_CellVolt                          0x08006879   Thumb Code   140  app_volt.o(i.Update_CellVolt)
    Update_Current                           0x08006911   Thumb Code    38  app_current.o(i.Update_Current)
    VolFilter                                0x0800693d   Thumb Code   168  adc.o(i.VolFilter)
    __0printf$1                              0x080069e5   Thumb Code    24  printf1.o(i.__0printf$1)
    __1printf$1                              0x080069e5   Thumb Code     0  printf1.o(i.__0printf$1)
    __2printf                                0x080069e5   Thumb Code     0  printf1.o(i.__0printf$1)
    __ARM_common_switch8                     0x08006a05   Thumb Code    26  bsp_simuart.o(i.__ARM_common_switch8)
    __scatterload_copy                       0x08006b55   Thumb Code    14  handlers.o(i.__scatterload_copy)
    __scatterload_null                       0x08006b63   Thumb Code     2  handlers.o(i.__scatterload_null)
    __scatterload_zeroinit                   0x08006b65   Thumb Code    14  handlers.o(i.__scatterload_zeroinit)
    bsp_init                                 0x08006cc5   Thumb Code    46  main.o(i.bsp_init)
    fputc                                    0x08006cf5   Thumb Code    12  usart.o(i.fputc)
    isCali_CHG_Enable                        0x08006d05   Thumb Code   148  app_soc.o(i.isCali_CHG_Enable)
    isCali_DSG_Enable                        0x08006da1   Thumb Code   188  app_soc.o(i.isCali_DSG_Enable)
    isSocInitEnable                          0x08006e6d   Thumb Code   138  app_soc.o(i.isSocInitEnable)
    main                                     0x08006f11   Thumb Code   258  main.o(i.main)
    AHBPrescTable                            0x08007090   Data          64  system_stm32g0xx.o(.constdata)
    APBPrescTable                            0x080070d0   Data          32  system_stm32g0xx.o(.constdata)
    Pos5vNTC3380AdTempTABLE                  0x080070f0   Data         322  app_temprature.o(.constdata)
    Region$$Table$$Base                      0x08007440   Number         0  anon$$obj.o(Region$$Table)
    Region$$Table$$Limit                     0x08007460   Number         0  anon$$obj.o(Region$$Table)
    systickCount                             0x20000000   Data           4  main.o(.data)
    ADC_VREFINT_CAL                          0x20000004   Data           2  adc.o(.data)
    ADC_VREFINT_DATA                         0x20000006   Data           2  adc.o(.data)
    NowTime                                  0x20000008   Data           4  rtc.o(.data)
    __stdout                                 0x20000010   Data           4  usart.o(.data)
    SystemCoreClock                          0x20000014   Data           4  system_stm32g0xx.o(.data)
    userAlarm                                0x2000001a   Data           2  app_alarm.o(.data)
    O_V                                      0x2000001c   Data           3  app_alarm.o(.data)
    U_V_2700                                 0x2000001f   Data           3  app_alarm.o(.data)
    U_V_2300                                 0x20000022   Data           3  app_alarm.o(.data)
    U_V_1500                                 0x20000025   Data           3  app_alarm.o(.data)
    O_T_M                                    0x20000028   Data           3  app_alarm.o(.data)
    O_T_C                                    0x2000002b   Data           3  app_alarm.o(.data)
    O_T_D                                    0x2000002e   Data           3  app_alarm.o(.data)
    U_T_C                                    0x20000031   Data           3  app_alarm.o(.data)
    U_T_D                                    0x20000034   Data           3  app_alarm.o(.data)
    C_M_E                                    0x20000037   Data           3  app_alarm.o(.data)
    D_M_E                                    0x2000003a   Data           3  app_alarm.o(.data)
    CHG_OV_P_Count                           0x2000003d   Data           3  app_alarm.o(.data)
    C_O_C                                    0x20000040   Data           3  app_alarm.o(.data)
    D_O_C                                    0x20000043   Data           3  app_alarm.o(.data)
    D_O_C2                                   0x20000046   Data           3  app_alarm.o(.data)
    S_C_D                                    0x20000049   Data           3  app_alarm.o(.data)
    sysflag                                  0x20000054   Data           2  app_bms.o(.data)
    deepSleepFlag                            0x2000006e   Data           1  app_lowpower.o(.data)
    CutCapValue                              0x2000007e   Data           2  app_soc.o(.data)
    Ctrl_CH_FET                              0x200006c8   Data           1  app_mos.o(.data)
    Ctrl_DS_FET                              0x200006c9   Data           1  app_mos.o(.data)
    tbTempCnt                                0x200006d0   Data           4  app_temprature.o(.data)
    SHOWSOC                                  0x200006dc   Data           1  bsp_sifbus.o(.data)
    BootFlag                                 0x200006dd   Data           1  bsp_sifbus.o(.data)
    SIFBUSData                               0x200006e8   Data           6  bsp_sifbus.o(.data)
    ucAcquCx                                 0x200006ee   Data           1  bsp_simuart.o(.data)
    ReceveAllow                              0x200006f1   Data           1  bsp_simuart.o(.data)
    SampVoltFlag                             0x200006f2   Data           1  bsp_sh36730x.o(.data)
    SCONF1_Data                              0x200006f3   Data           1  bsp_sh36730x.o(.data)
    SCONF2_Data                              0x200006f4   Data           1  bsp_sh36730x.o(.data)
    SCONF3_Data                              0x200006f5   Data           1  bsp_sh36730x.o(.data)
    Flag1_Data                               0x200006f6   Data           1  bsp_sh36730x.o(.data)
    Flag2_Data                               0x200006f7   Data           1  bsp_sh36730x.o(.data)
    BSTATUS_Data                             0x200006f8   Data           1  bsp_sh36730x.o(.data)
    RS485Buf                                 0x2000072e   Data         208  pcmonitor_protocol.o(.data)
    VolNum_Ture                              0x200007fe   Data          28  pcmonitor_protocol.o(.data)
    syspara                                  0x2000081c   Data         164  app_bms.o(.bss)
    flashpara                                0x200008c0   Data          80  app_flash.o(.bss)
    SUartInfo                                0x20000910   Data         409  bsp_simuart.o(.bss)
    DataSBuff                                0x20000aa9   Data         100  pcmonitor_protocol.o(.bss)
    __initial_sp                             0x20000f10   Data           0  startup_stm32g030xx.o(STACK)



==============================================================================

Memory Map of the image

  Image Entry point : 0x080019c1

  Load Region LR_IROM1 (Base: 0x080018f8, Size: 0x00006384, Max: 0x00010000, ABSOLUTE, COMPRESSED[0x00006110])

    Execution Region ER_IROM1 (Exec base: 0x080018f8, Load base: 0x080018f8, Size: 0x00005b68, Max: 0x00010000, ABSOLUTE)

    Exec Addr    Load Addr    Size         Type   Attr      Idx    E Section Name        Object

    0x080018f8   0x080018f8   0x00000008   Data   RO           17    .ARM.__AT_0x080018F8  main.o
    0x08001900   0x08001900   0x000000c0   Data   RO            3    RESET               startup_stm32g030xx.o
    0x080019c0   0x080019c0   0x00000000   Code   RO         2482  * .ARM.Collect$$$$00000000  mc_p.l(entry.o)
    0x080019c0   0x080019c0   0x00000004   Code   RO         2758    .ARM.Collect$$$$00000001  mc_p.l(entry2.o)
    0x080019c4   0x080019c4   0x00000004   Code   RO         2761    .ARM.Collect$$$$00000004  mc_p.l(entry5.o)
    0x080019c8   0x080019c8   0x00000000   Code   RO         2763    .ARM.Collect$$$$00000008  mc_p.l(entry7b.o)
    0x080019c8   0x080019c8   0x00000000   Code   RO         2765    .ARM.Collect$$$$0000000A  mc_p.l(entry8b.o)
    0x080019c8   0x080019c8   0x00000008   Code   RO         2766    .ARM.Collect$$$$0000000B  mc_p.l(entry9a.o)
    0x080019d0   0x080019d0   0x00000000   Code   RO         2768    .ARM.Collect$$$$0000000D  mc_p.l(entry10a.o)
    0x080019d0   0x080019d0   0x00000000   Code   RO         2770    .ARM.Collect$$$$0000000F  mc_p.l(entry11a.o)
    0x080019d0   0x080019d0   0x00000004   Code   RO         2759    .ARM.Collect$$$$00002712  mc_p.l(entry2.o)
    0x080019d4   0x080019d4   0x0000001c   Code   RO            4    .text               startup_stm32g030xx.o
    0x080019f0   0x080019f0   0x0000002c   Code   RO         2485    .text               mc_p.l(uidiv.o)
    0x08001a1c   0x08001a1c   0x00000028   Code   RO         2487    .text               mc_p.l(idiv.o)
    0x08001a44   0x08001a44   0x0000004c   Code   RO         2489    .text               mc_p.l(ldiv.o)
    0x08001a90   0x08001a90   0x0000007a   Code   RO         2491    .text               mc_p.l(llmul.o)
    0x08001b0a   0x08001b0a   0x00000024   Code   RO         2493    .text               mc_p.l(memseta.o)
    0x08001b2e   0x08001b2e   0x00000028   Code   RO         2495    .text               mc_p.l(strstr.o)
    0x08001b56   0x08001b56   0x00000060   Code   RO         2772    .text               mc_p.l(uldiv.o)
    0x08001bb6   0x08001bb6   0x00000020   Code   RO         2774    .text               mc_p.l(llshl.o)
    0x08001bd6   0x08001bd6   0x00000002   PAD
    0x08001bd8   0x08001bd8   0x00000024   Code   RO         2787    .text               mc_p.l(init.o)
    0x08001bfc   0x08001bfc   0x00000022   Code   RO         2789    .text               mc_p.l(llushr.o)
    0x08001c1e   0x08001c1e   0x00000060   Code   RO         2805    .text               mc_p.l(__dclz77c.o)
    0x08001c7e   0x08001c7e   0x00000002   PAD
    0x08001c80   0x08001c80   0x00000088   Code   RO          365    i.ADC_Calibration   adc.o
    0x08001d08   0x08001d08   0x00000028   Code   RO          366    i.ADC_Disable       adc.o
    0x08001d30   0x08001d30   0x0000002c   Code   RO          367    i.ADC_Enable        adc.o
    0x08001d5c   0x08001d5c   0x0000004c   Code   RO          368    i.ADC_GetValue      adc.o
    0x08001da8   0x08001da8   0x00000020   Code   RO          369    i.ADC_SelecteChannel  adc.o
    0x08001dc8   0x08001dc8   0x00000020   Code   RO          370    i.ADC_WaitSampleOver  adc.o
    0x08001de8   0x08001de8   0x0000030c   Code   RO         1557    i.AlarmCheck        app_alarm.o
    0x080020f4   0x080020f4   0x0000005a   Code   RO         1558    i.AlarmFilter       app_alarm.o
    0x0800214e   0x0800214e   0x00000018   Code   RO         2016    i.BalanceCtrl       app_volt.o
    0x08002166   0x08002166   0x00000002   PAD
    0x08002168   0x08002168   0x000000ec   Code   RO         2058    i.BootCmd_Process   bsp_sifbus.o
    0x08002254   0x08002254   0x00000068   Code   RO         1666    i.CCAlarm_RProcess  app_current.o
    0x080022bc   0x080022bc   0x000000d4   Code   RO         2059    i.CFSIFProtocol     bsp_sifbus.o
    0x08002390   0x08002390   0x00000068   Code   RO         1559    i.CHGDSG_MOS_CheckOK  app_alarm.o
    0x080023f8   0x080023f8   0x00000034   Code   RO         1595    i.CRC8              app_bms.o
    0x0800242c   0x0800242c   0x00000040   Code   RO         1773    i.CheckFlash        app_flash.o
    0x0800246c   0x0800246c   0x00000028   Code   RO         2060    i.Crc16_Calculate   bsp_sifbus.o
    0x08002494   0x08002494   0x000000e0   Code   RO         1667    i.CurrAlarmProcess  app_current.o
    0x08002574   0x08002574   0x00000080   Code   RO         1668    i.CurrentStateDetect  app_current.o
    0x080025f4   0x080025f4   0x0000004c   Code   RO         1829    i.CycleCount_Init   app_soc.o
    0x08002640   0x08002640   0x0000012c   Code   RO         1830    i.Cycle_Integral    app_soc.o
    0x0800276c   0x0800276c   0x00000094   Code   RO         1669    i.DCAlarm_RProcess  app_current.o
    0x08002800   0x08002800   0x0000001a   Code   RO         2061    i.Data_xor          bsp_sifbus.o
    0x0800281a   0x0800281a   0x0000000c   Code   RO         1717    i.DeepSleep         app_lowpower.o
    0x08002826   0x08002826   0x00000002   PAD
    0x08002828   0x08002828   0x00000058   Code   RO         1718    i.DeepSleepCheck    app_lowpower.o
    0x08002880   0x08002880   0x00000068   Code   RO          668    i.EXTI0_1_IRQHandler  stm32g0xx_it.o
    0x080028e8   0x080028e8   0x0000003c   Code   RO          669    i.EXTI2_3_IRQHandler  stm32g0xx_it.o
    0x08002924   0x08002924   0x0000003c   Code   RO          670    i.EXTI4_15_IRQHandler  stm32g0xx_it.o
    0x08002960   0x08002960   0x00000078   Code   RO         1719    i.Enter_StopMode    app_lowpower.o
    0x080029d8   0x080029d8   0x00000028   Code   RO         1720    i.Enter_Stop_ENable  app_lowpower.o
    0x08002a00   0x08002a00   0x00000068   Code   RO          791    i.FLASH_WaitForLastOperation  flash.o
    0x08002a68   0x08002a68   0x0000003c   Code   RO         1974    i.Find_Adc_Temp     app_temprature.o
    0x08002aa4   0x08002aa4   0x0000003c   Code   RO         1774    i.FlashInit         app_flash.o
    0x08002ae0   0x08002ae0   0x00000068   Code   RO         1775    i.FlashParaSetDefault  app_flash.o
    0x08002b48   0x08002b48   0x00000188   Code   RO         1776    i.Flash_ReadPara    app_flash.o
    0x08002cd0   0x08002cd0   0x00000260   Code   RO         1777    i.Flash_WritePara   app_flash.o
    0x08002f30   0x08002f30   0x0000004a   Code   RO          228    i.GPIO_CloseWEAK_EXTI  gpio.o
    0x08002f7a   0x08002f7a   0x0000000e   Code   RO          230    i.GPIO_ReadPin      gpio.o
    0x08002f88   0x08002f88   0x0000000c   Code   RO          231    i.GPIO_WritePin     gpio.o
    0x08002f94   0x08002f94   0x00000140   Code   RO         2062    i.GTDS_SIF_process  bsp_sifbus.o
    0x080030d4   0x080030d4   0x00000070   Code   RO          451    i.GT_GET_RTC        rtc.o
    0x08003144   0x08003144   0x0000002c   Code   RO          517    i.GT_TIM16_CMD      tim.o
    0x08003170   0x08003170   0x0000000c   Code   RO          518    i.GT_TIM_SET_AUTORELOAD  tim.o
    0x0800317c   0x0800317c   0x0000000c   Code   RO          519    i.GT_TIM_SET_COUNTER  tim.o
    0x08003188   0x08003188   0x0000001c   Code   RO          585    i.GT_UART2_CMD      usart.o
    0x080031a4   0x080031a4   0x00000060   Code   RO         1778    i.GetCheck          app_flash.o
    0x08003204   0x08003204   0x00000010   Code   RO         1670    i.GetClibrationDiff_Current  app_current.o
    0x08003214   0x08003214   0x000000c4   Code   RO         1831    i.GetFactor_Cali_CHG  app_soc.o
    0x080032d8   0x080032d8   0x000000fc   Code   RO         1832    i.GetFactor_Cali_DSG  app_soc.o
    0x080033d4   0x080033d4   0x00000030   Code   RO         1833    i.GetFactor_Cali_DSGTempCoeff  app_soc.o
    0x08003404   0x08003404   0x0000000a   Code   RO          792    i.GetPage           flash.o
    0x0800340e   0x0800340e   0x00000024   Code   RO         1835    i.Get_Percent       app_soc.o
    0x08003432   0x08003432   0x00000002   PAD
    0x08003434   0x08003434   0x00000084   Code   RO         1836    i.Get_TableT_Coefficient  app_soc.o
    0x080034b8   0x080034b8   0x000000a0   Code   RO         1837    i.Get_TableV_SOC    app_soc.o
    0x08003558   0x08003558   0x0000005c   Code   RO          793    i.HAL_FLASHEx_Erase  flash.o
    0x080035b4   0x080035b4   0x0000001c   Code   RO          794    i.HAL_FLASH_Lock    flash.o
    0x080035d0   0x080035d0   0x00000044   Code   RO          795    i.HAL_FLASH_Program  flash.o
    0x08003614   0x08003614   0x00000028   Code   RO          796    i.HAL_FLASH_Unlock  flash.o
    0x0800363c   0x0800363c   0x0000001c   Code   RO          671    i.HardFault_Handler  stm32g0xx_it.o
    0x08003658   0x08003658   0x000000c8   Code   RO         2017    i.JudgeBalance      app_volt.o
    0x08003720   0x08003720   0x0000011c   Code   RO         1005    i.LL_ADC_DeInit     stm32g0xx_ll_adc.o
    0x0800383c   0x0800383c   0x00000038   Code   RO         1006    i.LL_ADC_Init       stm32g0xx_ll_adc.o
    0x08003874   0x08003874   0x0000005c   Code   RO         1007    i.LL_ADC_REG_Init   stm32g0xx_ll_adc.o
    0x080038d0   0x080038d0   0x00000016   Code   RO          371    i.LL_ADC_SetSamplingTimeCommonChannels  adc.o
    0x080038e6   0x080038e6   0x00000002   PAD
    0x080038e8   0x080038e8   0x00000018   Code   RO          520    i.LL_APB2_GRP1_EnableClock  tim.o
    0x08003900   0x08003900   0x00000010   Code   RO         1351    i.LL_APB2_GRP1_ForceReset  stm32g0xx_ll_tim.o
    0x08003910   0x08003910   0x00000010   Code   RO         1352    i.LL_APB2_GRP1_ReleaseReset  stm32g0xx_ll_tim.o
    0x08003920   0x08003920   0x00000010   Code   RO          232    i.LL_EXTI_DisableEvent_0_31  gpio.o
    0x08003930   0x08003930   0x00000010   Code   RO          233    i.LL_EXTI_DisableIT_0_31  gpio.o
    0x08003940   0x08003940   0x000000a4   Code   RO          920    i.LL_EXTI_Init      stm32g0xx_ll_exti.o
    0x080039e4   0x080039e4   0x00000014   Code   RO          672    i.LL_EXTI_IsActiveFallingFlag_0_31  stm32g0xx_it.o
    0x080039f8   0x080039f8   0x00000014   Code   RO          673    i.LL_EXTI_IsActiveRisingFlag_0_31  stm32g0xx_it.o
    0x08003a0c   0x08003a0c   0x00000020   Code   RO          235    i.LL_EXTI_SetEXTISource  gpio.o
    0x08003a2c   0x08003a2c   0x00000070   Code   RO          954    i.LL_GPIO_DeInit    stm32g0xx_ll_gpio.o
    0x08003a9c   0x08003a9c   0x000000a8   Code   RO          955    i.LL_GPIO_Init      stm32g0xx_ll_gpio.o
    0x08003b44   0x08003b44   0x00000014   Code   RO          236    i.LL_GPIO_SetPinMode  gpio.o
    0x08003b58   0x08003b58   0x00000014   Code   RO          237    i.LL_GPIO_SetPinPull  gpio.o
    0x08003b6c   0x08003b6c   0x00000018   Code   RO          238    i.LL_IOP_GRP1_EnableClock  gpio.o
    0x08003b84   0x08003b84   0x00000018   Code   RO          586    i.LL_IOP_GRP1_EnableClock  usart.o
    0x08003b9c   0x08003b9c   0x00000018   Code   RO         2343    i.LL_IOP_GRP1_EnableClock  bsp_simiic.o
    0x08003bb4   0x08003bb4   0x00000010   Code   RO          957    i.LL_IOP_GRP1_ForceReset  stm32g0xx_ll_gpio.o
    0x08003bc4   0x08003bc4   0x00000010   Code   RO          958    i.LL_IOP_GRP1_ReleaseReset  stm32g0xx_ll_gpio.o
    0x08003bd4   0x08003bd4   0x00000020   Code   RO          841    i.LL_Init1msTick    stm32g0xx_ll_utils.o
    0x08003bf4   0x08003bf4   0x00000018   Code   RO         1115    i.LL_RCC_GetSystemClocksFreq  stm32g0xx_ll_rcc.o
    0x08003c0c   0x08003c0c   0x00000060   Code   RO         1116    i.LL_RCC_GetUSARTClockFreq  stm32g0xx_ll_rcc.o
    0x08003c6c   0x08003c6c   0x00000028   Code   RO         1210    i.LL_RTC_DATE_Config  stm32g0xx_ll_rtc.o
    0x08003c94   0x08003c94   0x0000009c   Code   RO         1211    i.LL_RTC_DATE_Init  stm32g0xx_ll_rtc.o
    0x08003d30   0x08003d30   0x0000000e   Code   RO         1212    i.LL_RTC_DATE_StructInit  stm32g0xx_ll_rtc.o
    0x08003d3e   0x08003d3e   0x00000002   PAD
    0x08003d40   0x08003d40   0x0000004c   Code   RO         1214    i.LL_RTC_EnterInitMode  stm32g0xx_ll_rtc.o
    0x08003d8c   0x08003d8c   0x00000052   Code   RO         1216    i.LL_RTC_Init       stm32g0xx_ll_rtc.o
    0x08003dde   0x08003dde   0x00000002   PAD
    0x08003de0   0x08003de0   0x00000024   Code   RO         1218    i.LL_RTC_TIME_Config  stm32g0xx_ll_rtc.o
    0x08003e04   0x08003e04   0x00000094   Code   RO         1219    i.LL_RTC_TIME_Init  stm32g0xx_ll_rtc.o
    0x08003e98   0x08003e98   0x0000000c   Code   RO         1220    i.LL_RTC_TIME_StructInit  stm32g0xx_ll_rtc.o
    0x08003ea4   0x08003ea4   0x00000074   Code   RO         1221    i.LL_RTC_WaitForSynchro  stm32g0xx_ll_rtc.o
    0x08003f18   0x08003f18   0x0000000c   Code   RO          845    i.LL_SetSystemCoreClock  stm32g0xx_ll_utils.o
    0x08003f24   0x08003f24   0x00000074   Code   RO         1355    i.LL_TIM_DeInit     stm32g0xx_ll_tim.o
    0x08003f98   0x08003f98   0x00000078   Code   RO         1362    i.LL_TIM_Init       stm32g0xx_ll_tim.o
    0x08004010   0x08004010   0x00000014   Code   RO          587    i.LL_USART_ConfigAsyncMode  usart.o
    0x08004024   0x08004024   0x000000e0   Code   RO         1477    i.LL_USART_Init     stm32g0xx_ll_usart.o
    0x08004104   0x08004104   0x0000001c   Code   RO          846    i.LL_mDelay         stm32g0xx_ll_utils.o
    0x08004120   0x08004120   0x00000234   Code   RO         1951    i.MOS_Ctrl          app_mos.o
    0x08004354   0x08004354   0x0000014c   Code   RO          372    i.MX_ADC1_Init      adc.o
    0x080044a0   0x080044a0   0x00000144   Code   RO          239    i.MX_EXTI_Init      gpio.o
    0x080045e4   0x080045e4   0x000000bc   Code   RO          240    i.MX_GPIO_Init      gpio.o
    0x080046a0   0x080046a0   0x000000d8   Code   RO          452    i.MX_RTC_Init       rtc.o
    0x08004778   0x08004778   0x00000048   Code   RO          522    i.MX_TIM16_Init     tim.o
    0x080047c0   0x080047c0   0x000000cc   Code   RO          588    i.MX_USART1_UART_Init  usart.o
    0x0800488c   0x0800488c   0x000000d4   Code   RO          589    i.MX_USART2_UART_Init  usart.o
    0x08004960   0x08004960   0x00000002   Code   RO          674    i.NMI_Handler       stm32g0xx_it.o
    0x08004962   0x08004962   0x00000002   PAD
    0x08004964   0x08004964   0x00000284   Code   RO         2415    i.PCMonitor_Process  pcmonitor_protocol.o
    0x08004be8   0x08004be8   0x00000002   Code   RO          675    i.PendSV_Handler    stm32g0xx_it.o
    0x08004bea   0x08004bea   0x00000002   PAD
    0x08004bec   0x08004bec   0x000000f4   Code   RO         1596    i.Process_100ms_CYC  app_bms.o
    0x08004ce0   0x08004ce0   0x0000004c   Code   RO         1597    i.Process_500ms_CYC1  app_bms.o
    0x08004d2c   0x08004d2c   0x00000020   Code   RO         1117    i.RCC_GetHCLKClockFreq  stm32g0xx_ll_rcc.o
    0x08004d4c   0x08004d4c   0x00000020   Code   RO         1118    i.RCC_GetPCLK1ClockFreq  stm32g0xx_ll_rcc.o
    0x08004d6c   0x08004d6c   0x0000003c   Code   RO         1119    i.RCC_GetSystemClockFreq  stm32g0xx_ll_rcc.o
    0x08004da8   0x08004da8   0x00000040   Code   RO         1122    i.RCC_PLL_GetFreqDomain_SYS  stm32g0xx_ll_rcc.o
    0x08004de8   0x08004de8   0x00000018   Code   RO         2416    i.RS485Check        pcmonitor_protocol.o
    0x08004e00   0x08004e00   0x0000004c   Code   RO         2417    i.RS485_Process     pcmonitor_protocol.o
    0x08004e4c   0x08004e4c   0x00000030   Code   RO          590    i.RS485_SendByte    usart.o
    0x08004e7c   0x08004e7c   0x00000010   Code   RO          453    i.RTC_Bcd2ToByte    rtc.o
    0x08004e8c   0x08004e8c   0x00000038   Code   RO          676    i.RTC_TAMP_IRQHandler  stm32g0xx_it.o
    0x08004ec4   0x08004ec4   0x00000054   Code   RO         1838    i.RealRemainCap_Calibration  app_soc.o
    0x08004f18   0x08004f18   0x0000008c   Code   RO         1839    i.RemainCap_Integral  app_soc.o
    0x08004fa4   0x08004fa4   0x00000034   Code   RO         2418    i.RingBuf_Read      pcmonitor_protocol.o
    0x08004fd8   0x08004fd8   0x0000002c   Code   RO         2419    i.RingBuf_Write     pcmonitor_protocol.o
    0x08005004   0x08005004   0x00000048   Code   RO         2344    i.SH30x_I2C_Ack     bsp_simiic.o
    0x0800504c   0x0800504c   0x00000040   Code   RO         2345    i.SH30x_I2C_NAck    bsp_simiic.o
    0x0800508c   0x0800508c   0x0000005c   Code   RO         2346    i.SH30x_I2C_ReadByte  bsp_simiic.o
    0x080050e8   0x080050e8   0x00000068   Code   RO         2347    i.SH30x_I2C_SendByte  bsp_simiic.o
    0x08005150   0x08005150   0x00000050   Code   RO         2348    i.SH30x_I2C_Start   bsp_simiic.o
    0x080051a0   0x080051a0   0x00000040   Code   RO         2349    i.SH30x_I2C_Stop    bsp_simiic.o
    0x080051e0   0x080051e0   0x00000050   Code   RO         2350    i.SH30x_I2C_WaitAck  bsp_simiic.o
    0x08005230   0x08005230   0x00000054   Code   RO         2351    i.SH30x_IICPort_Init  bsp_simiic.o
    0x08005284   0x08005284   0x00000028   Code   RO         2215    i.SH30x_ReadData    bsp_sh36730x.o
    0x080052ac   0x080052ac   0x00000054   Code   RO         2216    i.SH30x_WriteData   bsp_sh36730x.o
    0x08005300   0x08005300   0x00000084   Code   RO         2217    i.SH30x_init        bsp_sh36730x.o
    0x08005384   0x08005384   0x00000050   Code   RO         2218    i.SH_BALANCESET     bsp_sh36730x.o
    0x080053d4   0x080053d4   0x00000024   Code   RO         2219    i.SH_CHGR_CHECK     bsp_sh36730x.o
    0x080053f8   0x080053f8   0x0000005c   Code   RO         2220    i.SH_ClrAlarm       bsp_sh36730x.o
    0x08005454   0x08005454   0x00000064   Code   RO         2221    i.SH_EnterLowPower  bsp_sh36730x.o
    0x080054b8   0x080054b8   0x00000024   Code   RO         2222    i.SH_GetBSTATUS     bsp_sh36730x.o
    0x080054dc   0x080054dc   0x00000054   Code   RO         2223    i.SH_GetCUR         bsp_sh36730x.o
    0x08005530   0x08005530   0x0000003a   Code   RO         2224    i.SH_GetCellTemp    bsp_sh36730x.o
    0x0800556a   0x0800556a   0x00000002   PAD
    0x0800556c   0x0800556c   0x0000004c   Code   RO         2225    i.SH_GetCellVolt    bsp_sh36730x.o
    0x080055b8   0x080055b8   0x000000b4   Code   RO         2226    i.SH_GetSFlag       bsp_sh36730x.o
    0x0800566c   0x0800566c   0x00000024   Code   RO         2227    i.SH_LOAD_CHECK     bsp_sh36730x.o
    0x08005690   0x08005690   0x00000040   Code   RO         2228    i.SH_MOSCtrl        bsp_sh36730x.o
    0x080056d0   0x080056d0   0x00000024   Code   RO         2229    i.SH_OpenAlarmInt   bsp_sh36730x.o
    0x080056f4   0x080056f4   0x0000007c   Code   RO         2231    i.SH_StrlVCAD       bsp_sh36730x.o
    0x08005770   0x08005770   0x0000004c   Code   RO         2126    i.SIFBUS_SendMsg    bsp_simuart.o
    0x080057bc   0x080057bc   0x0000008c   Code   RO         2063    i.SIFProcess        bsp_sifbus.o
    0x08005848   0x08005848   0x0000010c   Code   RO         2064    i.SIF_QueryDataPack  bsp_sifbus.o
    0x08005954   0x08005954   0x00000034   Code   RO         2127    i.SIF_TIM_IRQPro    bsp_simuart.o
    0x08005988   0x08005988   0x000000b6   Code   RO         2232    i.SIIC_ReadData     bsp_sh36730x.o
    0x08005a3e   0x08005a3e   0x00000002   PAD
    0x08005a40   0x08005a40   0x0000005c   Code   RO         2128    i.SUART_Protocol    bsp_simuart.o
    0x08005a9c   0x08005a9c   0x000000c4   Code   RO         2130    i.SUartTxDataPro    bsp_simuart.o
    0x08005b60   0x08005b60   0x00000020   Code   RO         2131    i.SUart_Read_Disable  bsp_simuart.o
    0x08005b80   0x08005b80   0x0000002c   Code   RO         2132    i.SUart_Read_Enable  bsp_simuart.o
    0x08005bac   0x08005bac   0x00000002   Code   RO          677    i.SVC_Handler       stm32g0xx_it.o
    0x08005bae   0x08005bae   0x00000002   PAD
    0x08005bb0   0x08005bb0   0x000002b4   Code   RO         2420    i.Send485DataToPC   pcmonitor_protocol.o
    0x08005e64   0x08005e64   0x0000009c   Code   RO         2421    i.SendArgDataToPC   pcmonitor_protocol.o
    0x08005f00   0x08005f00   0x00000060   Code   RO         2422    i.SendRArgDataToPC  pcmonitor_protocol.o
    0x08005f60   0x08005f60   0x00000078   Code   RO          455    i.SetWakeUpTimer_IT  rtc.o
    0x08005fd8   0x08005fd8   0x00000154   Code   RO         2133    i.SifTxDataPro      bsp_simuart.o
    0x0800612c   0x0800612c   0x000001c0   Code   RO         1721    i.SleepCheck        app_lowpower.o
    0x080062ec   0x080062ec   0x000000bc   Code   RO          241    i.Sleep_PinInit     gpio.o
    0x080063a8   0x080063a8   0x0000016c   Code   RO         1840    i.Soc_ClrOrSetCtrl  app_soc.o
    0x08006514   0x08006514   0x000000a0   Code   RO         1841    i.Soc_Init          app_soc.o
    0x080065b4   0x080065b4   0x00000010   Code   RO         1598    i.Soft_Delay        app_bms.o
    0x080065c4   0x080065c4   0x00000038   Code   RO         1641    i.SysParaInit       app_config.o
    0x080065fc   0x080065fc   0x00000010   Code   RO          678    i.SysTick_Handler   stm32g0xx_it.o
    0x0800660c   0x0800660c   0x000000ac   Code   RO           14    i.SystemClock_Config  main.o
    0x080066b8   0x080066b8   0x00000010   Code   RO         1524    i.SystemInit        system_stm32g0xx.o
    0x080066c8   0x080066c8   0x00000010   Code   RO          679    i.TIM14_IRQHandler  stm32g0xx_it.o
    0x080066d8   0x080066d8   0x00000014   Code   RO          680    i.TIM16_IRQHandler  stm32g0xx_it.o
    0x080066ec   0x080066ec   0x0000003c   Code   RO         2134    i.UART2RxDataPro    bsp_simuart.o
    0x08006728   0x08006728   0x00000044   Code   RO         2135    i.UARTBUS_SendMsg   bsp_simuart.o
    0x0800676c   0x0800676c   0x00000048   Code   RO          681    i.USART1_IRQHandler  stm32g0xx_it.o
    0x080067b4   0x080067b4   0x00000048   Code   RO          682    i.USART2_IRQHandler  stm32g0xx_it.o
    0x080067fc   0x080067fc   0x0000007c   Code   RO         1976    i.Update_CellTemps  app_temprature.o
    0x08006878   0x08006878   0x00000098   Code   RO         2018    i.Update_CellVolt   app_volt.o
    0x08006910   0x08006910   0x0000002c   Code   RO         1671    i.Update_Current    app_current.o
    0x0800693c   0x0800693c   0x000000a8   Code   RO          373    i.VolFilter         adc.o
    0x080069e4   0x080069e4   0x00000020   Code   RO         2542    i.__0printf$1       mc_p.l(printf1.o)
    0x08006a04   0x08006a04   0x0000001a   Code   RO         2204    i.__ARM_common_switch8  bsp_simuart.o
    0x08006a1e   0x08006a1e   0x00000002   PAD
    0x08006a20   0x08006a20   0x00000020   Code   RO          242    i.__NVIC_DisableIRQ  gpio.o
    0x08006a40   0x08006a40   0x00000018   Code   RO          243    i.__NVIC_EnableIRQ  gpio.o
    0x08006a58   0x08006a58   0x00000018   Code   RO          523    i.__NVIC_EnableIRQ  tim.o
    0x08006a70   0x08006a70   0x00000018   Code   RO          591    i.__NVIC_EnableIRQ  usart.o
    0x08006a88   0x08006a88   0x00000044   Code   RO          244    i.__NVIC_SetPriority  gpio.o
    0x08006acc   0x08006acc   0x00000044   Code   RO          524    i.__NVIC_SetPriority  tim.o
    0x08006b10   0x08006b10   0x00000044   Code   RO          592    i.__NVIC_SetPriority  usart.o
    0x08006b54   0x08006b54   0x0000000e   Code   RO         2799    i.__scatterload_copy  mc_p.l(handlers.o)
    0x08006b62   0x08006b62   0x00000002   Code   RO         2800    i.__scatterload_null  mc_p.l(handlers.o)
    0x08006b64   0x08006b64   0x0000000e   Code   RO         2801    i.__scatterload_zeroinit  mc_p.l(handlers.o)
    0x08006b72   0x08006b72   0x00000002   PAD
    0x08006b74   0x08006b74   0x00000150   Code   RO         2549    i._printf_core      mc_p.l(printf1.o)
    0x08006cc4   0x08006cc4   0x0000002e   Code   RO           15    i.bsp_init          main.o
    0x08006cf2   0x08006cf2   0x00000002   PAD
    0x08006cf4   0x08006cf4   0x00000010   Code   RO          594    i.fputc             usart.o
    0x08006d04   0x08006d04   0x0000009c   Code   RO         1842    i.isCali_CHG_Enable  app_soc.o
    0x08006da0   0x08006da0   0x000000cc   Code   RO         1843    i.isCali_DSG_Enable  app_soc.o
    0x08006e6c   0x08006e6c   0x000000a4   Code   RO         1845    i.isSocInitEnable   app_soc.o
    0x08006f10   0x08006f10   0x00000150   Code   RO           16    i.main              main.o
    0x08007060   0x08007060   0x00000030   Data   RO         1479    .constdata          stm32g0xx_ll_usart.o
    0x08007090   0x08007090   0x00000040   Data   RO         1525    .constdata          system_stm32g0xx.o
    0x080070d0   0x080070d0   0x00000020   Data   RO         1526    .constdata          system_stm32g0xx.o
    0x080070f0   0x080070f0   0x00000142   Data   RO         1977    .constdata          app_temprature.o
    0x08007232   0x08007232   0x00000002   PAD
    0x08007234   0x08007234   0x0000020c   Data   RO         2066    .constdata          bsp_sifbus.o
    0x08007440   0x08007440   0x00000020   Data   RO         2797    Region$$Table       anon$$obj.o


    Execution Region RW_IRAM1 (Exec base: 0x20000000, Load base: 0x08007460, Size: 0x00000f10, Max: 0x00002000, ABSOLUTE, COMPRESSED[0x000005a8])

    Exec Addr    Load Addr    Size         Type   Attr      Idx    E Section Name        Object

    0x20000000   COMPRESSED   0x00000004   Data   RW           18    .data               main.o
    0x20000004   COMPRESSED   0x00000004   Data   RW          374    .data               adc.o
    0x20000008   COMPRESSED   0x00000004   Data   RW          456    .data               rtc.o
    0x2000000c   COMPRESSED   0x00000001   Data   RW          457    .data               rtc.o
    0x2000000d   COMPRESSED   0x00000003   PAD
    0x20000010   COMPRESSED   0x00000004   Data   RW          595    .data               usart.o
    0x20000014   COMPRESSED   0x00000004   Data   RW         1527    .data               system_stm32g0xx.o
    0x20000018   COMPRESSED   0x0000003c   Data   RW         1560    .data               app_alarm.o
    0x20000054   COMPRESSED   0x00000008   Data   RW         1600    .data               app_bms.o
    0x2000005c   COMPRESSED   0x00000010   Data   RW         1672    .data               app_current.o
    0x2000006c   COMPRESSED   0x00000006   Data   RW         1723    .data               app_lowpower.o
    0x20000072   COMPRESSED   0x00000656   Data   RW         1846    .data               app_soc.o
    0x200006c8   COMPRESSED   0x00000006   Data   RW         1952    .data               app_mos.o
    0x200006ce   COMPRESSED   0x00000002   PAD
    0x200006d0   COMPRESSED   0x00000004   Data   RW         1978    .data               app_temprature.o
    0x200006d4   COMPRESSED   0x00000006   Data   RW         2021    .data               app_volt.o
    0x200006da   COMPRESSED   0x00000002   PAD
    0x200006dc   COMPRESSED   0x00000012   Data   RW         2067    .data               bsp_sifbus.o
    0x200006ee   COMPRESSED   0x00000004   Data   RW         2137    .data               bsp_simuart.o
    0x200006f2   COMPRESSED   0x00000007   Data   RW         2233    .data               bsp_sh36730x.o
    0x200006f9   COMPRESSED   0x00000003   PAD
    0x200006fc   COMPRESSED   0x00000030   Data   RW         2352    .data               bsp_simiic.o
    0x2000072c   COMPRESSED   0x000000ee   Data   RW         2424    .data               pcmonitor_protocol.o
    0x2000081a   COMPRESSED   0x00000002   PAD
    0x2000081c        -       0x000000a4   Zero   RW         1599    .bss                app_bms.o
    0x200008c0        -       0x00000050   Zero   RW         1779    .bss                app_flash.o
    0x20000910        -       0x00000199   Zero   RW         2136    .bss                bsp_simuart.o
    0x20000aa9        -       0x00000064   Zero   RW         2423    .bss                pcmonitor_protocol.o
    0x20000b0d   COMPRESSED   0x00000003   PAD
    0x20000b10        -       0x00000400   Zero   RW            1    STACK               startup_stm32g030xx.o


==============================================================================

Image component sizes


      Code (inc. data)   RO Data    RW Data    ZI Data      Debug   Object Name

       882         98          0          4          0      57205   adc.o
       974         54          0         60          0       4157   app_alarm.o
       388         48          0          8        164       5839   app_bms.o
        56         18          0          0          0        430   app_config.o
       664         96          0         16          0       3475   app_current.o
      1324         78          0          0         80       4937   app_flash.o
       708         82          0          6          0       7647   app_lowpower.o
       564         48          0          6          0       1213   app_mos.o
      2472        250          0       1622          0      12857   app_soc.o
       184         16        322          4          0       5935   app_temprature.o
       376         28          0          6          0       3095   app_volt.o
      1440         72          0          7          0      12888   bsp_sh36730x.o
      1242         92        524         18          0       6980   bsp_sifbus.o
       664         48          0         48          0       6211   bsp_simiic.o
       986         92          0          4        409       7201   bsp_simuart.o
       342         44          0          0          0       3907   flash.o
      1052        100          0          0          0      99171   gpio.o
       554         90          8          4          0     313889   main.o
      1784        176          0        238        100       6914   pcmonitor_protocol.o
       464         48          0          5          0      58374   rtc.o
        28          8        192          0       1024        612   startup_stm32g030xx.o
       550         92          0          0          0      97755   stm32g0xx_it.o
       432         34          0          0          0      38812   stm32g0xx_ll_adc.o
       164          4          0          0          0       6847   stm32g0xx_ll_exti.o
       312         28          0          0          0      11784   stm32g0xx_ll_gpio.o
       308         48          0          0          0      20334   stm32g0xx_ll_rcc.o
       680         32          0          0          0      35857   stm32g0xx_ll_rtc.o
       268         60          0          0          0      45554   stm32g0xx_ll_tim.o
       224         20         48          0          0      26528   stm32g0xx_ll_usart.o
        72         16          0          0          0       6409   stm32g0xx_ll_utils.o
        16          8         96          4          0       1103   system_stm32g0xx.o
       256         42          0          0          0      48436   tim.o
       644         58          0          4          0      32726   usart.o

    ----------------------------------------------------------------------
     21100       2028       1224       2076       1780     995082   Object Totals
         0          0         32          0          0          0   (incl. Generated)
        26          0          2         12          3          0   (incl. Padding)

    ----------------------------------------------------------------------

      Code (inc. data)   RO Data    RW Data    ZI Data      Debug   Library Member Name

        96          0          0          0          0          0   __dclz77c.o
         0          0          0          0          0          0   entry.o
         0          0          0          0          0          0   entry10a.o
         0          0          0          0          0          0   entry11a.o
         8          4          0          0          0          0   entry2.o
         4          0          0          0          0          0   entry5.o
         0          0          0          0          0          0   entry7b.o
         0          0          0          0          0          0   entry8b.o
         8          4          0          0          0          0   entry9a.o
        30          0          0          0          0          0   handlers.o
        40          0          0          0          0         72   idiv.o
        36          8          0          0          0         68   init.o
        76          0          0          0          0         76   ldiv.o
       122          0          0          0          0         84   llmul.o
        32          0          0          0          0         68   llshl.o
        34          0          0          0          0         68   llushr.o
        36          0          0          0          0        100   memseta.o
       368         12          0          0          0        168   printf1.o
        40          0          0          0          0         72   strstr.o
        44          0          0          0          0         72   uidiv.o
        96          0          0          0          0         84   uldiv.o

    ----------------------------------------------------------------------
      1076         28          0          0          0        932   Library Totals
         6          0          0          0          0          0   (incl. Padding)

    ----------------------------------------------------------------------

      Code (inc. data)   RO Data    RW Data    ZI Data      Debug   Library Name

      1070         28          0          0          0        932   mc_p.l

    ----------------------------------------------------------------------
      1076         28          0          0          0        932   Library Totals

    ----------------------------------------------------------------------

==============================================================================


      Code (inc. data)   RO Data    RW Data    ZI Data      Debug   

     22176       2056       1224       2076       1780     987306   Grand Totals
     22176       2056       1224       1448       1780     987306   ELF Image Totals (compressed)
     22176       2056       1224       1448          0          0   ROM Totals

==============================================================================

    Total RO  Size (Code + RO Data)                23400 (  22.85kB)
    Total RW  Size (RW Data + ZI Data)              3856 (   3.77kB)
    Total ROM Size (Code + RO Data + RW Data)      24848 (  24.27kB)

==============================================================================

